Archive member included to satisfy reference by file (symbol)

c:/ac6/systemworkbench/plugins/fr.ac6.mcu.externaltools.arm-none.win32_1.15.0.201708311556/tools/compiler/bin/../lib/gcc/arm-none-eabi/6.3.1/thumb/v6-m\libgcc.a(_udivsi3.o)
                              Drivers/STM32L0xx_HAL_Driver/Src/stm32l0xx_hal.o (__aeabi_uidiv)
c:/ac6/systemworkbench/plugins/fr.ac6.mcu.externaltools.arm-none.win32_1.15.0.201708311556/tools/compiler/bin/../lib/gcc/arm-none-eabi/6.3.1/thumb/v6-m\libgcc.a(_dvmd_tls.o)
                              c:/ac6/systemworkbench/plugins/fr.ac6.mcu.externaltools.arm-none.win32_1.15.0.201708311556/tools/compiler/bin/../lib/gcc/arm-none-eabi/6.3.1/thumb/v6-m\libgcc.a(_udivsi3.o) (__aeabi_idiv0)
c:/ac6/systemworkbench/plugins/fr.ac6.mcu.externaltools.arm-none.win32_1.15.0.201708311556/tools/compiler/bin/../lib/gcc/arm-none-eabi/6.3.1/thumb/v6-m\libgcc.a(_aeabi_uldivmod.o)
                              Drivers/STM32L0xx_HAL_Driver/Src/stm32l0xx_hal_uart.o (__aeabi_uldivmod)
c:/ac6/systemworkbench/plugins/fr.ac6.mcu.externaltools.arm-none.win32_1.15.0.201708311556/tools/compiler/bin/../lib/gcc/arm-none-eabi/6.3.1/thumb/v6-m\libgcc.a(_udivmoddi4.o)
                              c:/ac6/systemworkbench/plugins/fr.ac6.mcu.externaltools.arm-none.win32_1.15.0.201708311556/tools/compiler/bin/../lib/gcc/arm-none-eabi/6.3.1/thumb/v6-m\libgcc.a(_aeabi_uldivmod.o) (__udivmoddi4)
c:/ac6/systemworkbench/plugins/fr.ac6.mcu.externaltools.arm-none.win32_1.15.0.201708311556/tools/compiler/bin/../lib/gcc/arm-none-eabi/6.3.1/thumb/v6-m\libgcc.a(fixsfsi.o)
                              Src/transmit.o (__aeabi_f2iz)
c:/ac6/systemworkbench/plugins/fr.ac6.mcu.externaltools.arm-none.win32_1.15.0.201708311556/tools/compiler/bin/../lib/gcc/arm-none-eabi/6.3.1/thumb/v6-m\libgcc.a(adddf3.o)
                              Src/HTS221.o (__aeabi_dadd)
c:/ac6/systemworkbench/plugins/fr.ac6.mcu.externaltools.arm-none.win32_1.15.0.201708311556/tools/compiler/bin/../lib/gcc/arm-none-eabi/6.3.1/thumb/v6-m\libgcc.a(divdf3.o)
                              Src/HTS221.o (__aeabi_ddiv)
c:/ac6/systemworkbench/plugins/fr.ac6.mcu.externaltools.arm-none.win32_1.15.0.201708311556/tools/compiler/bin/../lib/gcc/arm-none-eabi/6.3.1/thumb/v6-m\libgcc.a(muldf3.o)
                              Src/HTS221.o (__aeabi_dmul)
c:/ac6/systemworkbench/plugins/fr.ac6.mcu.externaltools.arm-none.win32_1.15.0.201708311556/tools/compiler/bin/../lib/gcc/arm-none-eabi/6.3.1/thumb/v6-m\libgcc.a(subdf3.o)
                              Src/HTS221.o (__aeabi_dsub)
c:/ac6/systemworkbench/plugins/fr.ac6.mcu.externaltools.arm-none.win32_1.15.0.201708311556/tools/compiler/bin/../lib/gcc/arm-none-eabi/6.3.1/thumb/v6-m\libgcc.a(floatsidf.o)
                              Src/HTS221.o (__aeabi_i2d)
c:/ac6/systemworkbench/plugins/fr.ac6.mcu.externaltools.arm-none.win32_1.15.0.201708311556/tools/compiler/bin/../lib/gcc/arm-none-eabi/6.3.1/thumb/v6-m\libgcc.a(truncdfsf2.o)
                              Src/sensor.o (__aeabi_d2f)
c:/ac6/systemworkbench/plugins/fr.ac6.mcu.externaltools.arm-none.win32_1.15.0.201708311556/tools/compiler/bin/../lib/gcc/arm-none-eabi/6.3.1/thumb/v6-m\libgcc.a(_clzsi2.o)
                              c:/ac6/systemworkbench/plugins/fr.ac6.mcu.externaltools.arm-none.win32_1.15.0.201708311556/tools/compiler/bin/../lib/gcc/arm-none-eabi/6.3.1/thumb/v6-m\libgcc.a(adddf3.o) (__clzsi2)
c:/ac6/systemworkbench/plugins/fr.ac6.mcu.externaltools.arm-none.win32_1.15.0.201708311556/tools/compiler/bin/../lib/gcc/arm-none-eabi/6.3.1/thumb/v6-m\libgcc.a(_clzdi2.o)
                              c:/ac6/systemworkbench/plugins/fr.ac6.mcu.externaltools.arm-none.win32_1.15.0.201708311556/tools/compiler/bin/../lib/gcc/arm-none-eabi/6.3.1/thumb/v6-m\libgcc.a(_udivmoddi4.o) (__clzdi2)
c:/ac6/systemworkbench/plugins/fr.ac6.mcu.externaltools.arm-none.win32_1.15.0.201708311556/tools/compiler/bin/../lib/gcc/arm-none-eabi/6.3.1/../../../../arm-none-eabi/lib/thumb/v6-m\libc_nano.a(lib_a-exit.o)
                              c:/ac6/systemworkbench/plugins/fr.ac6.mcu.externaltools.arm-none.win32_1.15.0.201708311556/tools/compiler/bin/../lib/gcc/arm-none-eabi/6.3.1/../../../../arm-none-eabi/lib/thumb/v6-m/crt0.o (exit)
c:/ac6/systemworkbench/plugins/fr.ac6.mcu.externaltools.arm-none.win32_1.15.0.201708311556/tools/compiler/bin/../lib/gcc/arm-none-eabi/6.3.1/../../../../arm-none-eabi/lib/thumb/v6-m\libc_nano.a(lib_a-impure.o)
                              c:/ac6/systemworkbench/plugins/fr.ac6.mcu.externaltools.arm-none.win32_1.15.0.201708311556/tools/compiler/bin/../lib/gcc/arm-none-eabi/6.3.1/../../../../arm-none-eabi/lib/thumb/v6-m\libc_nano.a(lib_a-exit.o) (_global_impure_ptr)
c:/ac6/systemworkbench/plugins/fr.ac6.mcu.externaltools.arm-none.win32_1.15.0.201708311556/tools/compiler/bin/../lib/gcc/arm-none-eabi/6.3.1/../../../../arm-none-eabi/lib/thumb/v6-m\libc_nano.a(lib_a-init.o)
[...]
Memory Configuration

Name             Origin             Length             Attributes
RAM              0x20000000         0x00002000         xrw
FLASH            0x08000000         0x00010000         xr
*default*        0x00000000         0xffffffff

Linker script and memory map

LOAD c:/ac6/systemworkbench/plugins/fr.ac6.mcu.externaltools.arm-none.win32_1.15.0.201708311556/tools/compiler/bin/../lib/gcc/arm-none-eabi/6.3.1/thumb/v6-m/crti.o
LOAD c:/ac6/systemworkbench/plugins/fr.ac6.mcu.externaltools.arm-none.win32_1.15.0.201708311556/tools/compiler/bin/../lib/gcc/arm-none-eabi/6.3.1/thumb/v6-m/crtbegin.o
LOAD c:/ac6/systemworkbench/plugins/fr.ac6.mcu.externaltools.arm-none.win32_1.15.0.201708311556/tools/compiler/bin/../lib/gcc/arm-none-eabi/6.3.1/../../../../arm-none-eabi/lib/thumb/v6-m/crt0.o
LOAD Drivers/STM32L0xx_HAL_Driver/Src/stm32l0xx_hal.o
LOAD Drivers/STM32L0xx_HAL_Driver/Src/stm32l0xx_hal_cortex.o
LOAD Drivers/STM32L0xx_HAL_Driver/Src/stm32l0xx_hal_dma.o
LOAD Drivers/STM32L0xx_HAL_Driver/Src/stm32l0xx_hal_flash.o
LOAD Drivers/STM32L0xx_HAL_Driver/Src/stm32l0xx_hal_flash_ex.o
LOAD Drivers/STM32L0xx_HAL_Driver/Src/stm32l0xx_hal_flash_ramfunc.o
LOAD Drivers/STM32L0xx_HAL_Driver/Src/stm32l0xx_hal_gpio.o
LOAD Drivers/STM32L0xx_HAL_Driver/Src/stm32l0xx_hal_i2c.o
LOAD Drivers/STM32L0xx_HAL_Driver/Src/stm32l0xx_hal_i2c_ex.o
LOAD Drivers/STM32L0xx_HAL_Driver/Src/stm32l0xx_hal_irda.o
LOAD Drivers/STM32L0xx_HAL_Driver/Src/stm32l0xx_hal_pwr.o
LOAD Drivers/STM32L0xx_HAL_Driver/Src/stm32l0xx_hal_pwr_ex.o
LOAD Drivers/STM32L0xx_HAL_Driver/Src/stm32l0xx_hal_rcc.o
LOAD Drivers/STM32L0xx_HAL_Driver/Src/stm32l0xx_hal_rcc_ex.o
LOAD Drivers/STM32L0xx_HAL_Driver/Src/stm32l0xx_hal_rtc.o
LOAD Drivers/STM32L0xx_HAL_Driver/Src/stm32l0xx_hal_rtc_ex.o
LOAD Drivers/STM32L0xx_HAL_Driver/Src/stm32l0xx_hal_tim.o
LOAD Drivers/STM32L0xx_HAL_Driver/Src/stm32l0xx_hal_tim_ex.o
LOAD Drivers/STM32L0xx_HAL_Driver/Src/stm32l0xx_hal_uart.o
LOAD Drivers/STM32L0xx_HAL_Driver/Src/stm32l0xx_hal_uart_ex.o
LOAD Middlewares/Third_Party/FreeRTOS/Source/CMSIS_RTOS/cmsis_os.o
LOAD Middlewares/Third_Party/FreeRTOS/Source/croutine.o
LOAD Middlewares/Third_Party/FreeRTOS/Source/event_groups.o
LOAD Middlewares/Third_Party/FreeRTOS/Source/list.o
LOAD Middlewares/Third_Party/FreeRTOS/Source/queue.o
LOAD Middlewares/Third_Party/FreeRTOS/Source/tasks.o
LOAD Middlewares/Third_Party/FreeRTOS/Source/timers.o
LOAD Middlewares/Third_Party/FreeRTOS/Source/portable/GCC/ARM_CM0/port.o
LOAD Middlewares/Third_Party/FreeRTOS/Source/portable/MemMang/heap_4.o
LOAD Src/HTS221.o
LOAD Src/data.o
LOAD Src/freertos.o
LOAD Src/main.o
LOAD Src/sensor.o
LOAD Src/stm32l0xx_hal_msp.o
LOAD Src/stm32l0xx_it.o
LOAD Src/system_stm32l0xx.o
LOAD Src/transmit.o
LOAD startup/startup_stm32l053xx.o
LOAD c:/ac6/systemworkbench/plugins/fr.ac6.mcu.externaltools.arm-none.win32_1.15.0.201708311556/tools/compiler/bin/../lib/gcc/arm-none-eabi/6.3.1/../../../../arm-none-eabi/lib/thumb/v6-m\libm.a
START GROUP
LOAD c:/ac6/systemworkbench/plugins/fr.ac6.mcu.externaltools.arm-none.win32_1.15.0.201708311556/tools/compiler/bin/../lib/gcc/arm-none-eabi/6.3.1/thumb/v6-m\libgcc.a
LOAD c:/ac6/systemworkbench/plugins/fr.ac6.mcu.externaltools.arm-none.win32_1.15.0.201708311556/tools/compiler/bin/../lib/gcc/arm-none-eabi/6.3.1/../../../../arm-none-eabi/lib/thumb/v6-m\libc_nano.a
END GROUP
START GROUP
LOAD c:/ac6/systemworkbench/plugins/fr.ac6.mcu.externaltools.arm-none.win32_1.15.0.201708311556/tools/compiler/bin/../lib/gcc/arm-none-eabi/6.3.1/thumb/v6-m\libgcc.a
LOAD c:/ac6/systemworkbench/plugins/fr.ac6.mcu.externaltools.arm-none.win32_1.15.0.201708311556/tools/compiler/bin/../lib/gcc/arm-none-eabi/6.3.1/../../../../arm-none-eabi/lib/thumb/v6-m\libc_nano.a
LOAD c:/ac6/systemworkbench/plugins/fr.ac6.mcu.externaltools.arm-none.win32_1.15.0.201708311556/tools/compiler/bin/../lib/gcc/arm-none-eabi/6.3.1/../../../../arm-none-eabi/lib/thumb/v6-m\libnosys.a
END GROUP
START GROUP
LOAD c:/ac6/systemworkbench/plugins/fr.ac6.mcu.externaltools.arm-none.win32_1.15.0.201708311556/tools/compiler/bin/../lib/gcc/arm-none-eabi/6.3.1/thumb/v6-m\libgcc.a
LOAD c:/ac6/systemworkbench/plugins/fr.ac6.mcu.externaltools.arm-none.win32_1.15.0.201708311556/tools/compiler/bin/../lib/gcc/arm-none-eabi/6.3.1/../../../../arm-none-eabi/lib/thumb/v6-m\libc_nano.a
LOAD c:/ac6/systemworkbench/plugins/fr.ac6.mcu.externaltools.arm-none.win32_1.15.0.201708311556/tools/compiler/bin/../lib/gcc/arm-none-eabi/6.3.1/../../../../arm-none-eabi/lib/thumb/v6-m\libnosys.a
END GROUP
LOAD c:/ac6/systemworkbench/plugins/fr.ac6.mcu.externaltools.arm-none.win32_1.15.0.201708311556/tools/compiler/bin/../lib/gcc/arm-none-eabi/6.3.1/thumb/v6-m/crtend.o
LOAD c:/ac6/systemworkbench/plugins/fr.ac6.mcu.externaltools.arm-none.win32_1.15.0.201708311556/tools/compiler/bin/../lib/gcc/arm-none-eabi/6.3.1/thumb/v6-m/crtn.o
                0x20002000                _estack = 0x20002000
                0x00000200                _Min_Heap_Size = 0x200
                0x00000400                _Min_Stack_Size = 0x400

.isr_vector     0x08000000       0xc0
                0x08000000                . = ALIGN (0x4)
 *(.isr_vector)
 .isr_vector    0x08000000       0xc0 startup/startup_stm32l053xx.o
                0x08000000                g_pfnVectors
                0x080000c0                . = ALIGN (0x4)

.text           0x080000c0     0x6974
                0x080000c0                . = ALIGN (0x4)
 *(.text)
 .text          0x080000c0       0x60 c:/ac6/systemworkbench/plugins/fr.ac6.mcu.externaltools.arm-none.win32_1.15.0.201708311556/tools/compiler/bin/../lib/gcc/arm-none-eabi/6.3.1/thumb/v6-m/crtbegin.o
 .text          0x08000120      0x114 c:/ac6/systemworkbench/plugins/fr.ac6.mcu.externaltools.arm-none.win32_1.15.0.201708311556/tools/compiler/bin/../lib/gcc/arm-none-eabi/6.3.1/thumb/v6-m\libgcc.a(_udivsi3.o)
                0x08000120                __aeabi_uidiv
                0x08000120                __udivsi3
                0x0800022c                __aeabi_uidivmod
 .text          0x08000234        0x4 c:/ac6/systemworkbench/plugins/fr.ac6.mcu.externaltools.arm-none.win32_1.15.0.201708311556/tools/compiler/bin/../lib/gcc/arm-none-eabi/6.3.1/thumb/v6-m\libgcc.a(_dvmd_tls.o)
                0x08000234                __aeabi_idiv0
                0x08000234                __aeabi_ldiv0
 .text          0x08000238       0x40 c:/ac6/systemworkbench/plugins/fr.ac6.mcu.externaltools.arm-none.win32_1.15.0.201708311556/tools/compiler/bin/../lib/gcc/arm-none-eabi/6.3.1/thumb/v6-m\libgcc.a(_aeabi_uldivmod.o)
                0x08000238                __aeabi_uldivmod
 .text          0x08000278      0x180 c:/ac6/systemworkbench/plugins/fr.ac6.mcu.externaltools.arm-none.win32_1.15.0.201708311556/tools/compiler/bin/../lib/gcc/arm-none-eabi/6.3.1/thumb/v6-m\libgcc.a(_udivmoddi4.o)
                0x08000278                __udivmoddi4
 .text          0x080003f8       0x40 c:/ac6/systemworkbench/plugins/fr.ac6.mcu.externaltools.arm-none.win32_1.15.0.201708311556/tools/compiler/bin/../lib/gcc/arm-none-eabi/6.3.1/thumb/v6-m\libgcc.a(fixsfsi.o)
                0x080003f8                __aeabi_f2iz
 .text          0x08000438      0x620 c:/ac6/systemworkbench/plugins/fr.ac6.mcu.externaltools.arm-none.win32_1.15.0.201708311556/tools/compiler/bin/../lib/gcc/arm-none-eabi/6.3.1/thumb/v6-m\libgcc.a(adddf3.o)
                0x08000438                __aeabi_dadd
 .text          0x08000a58      0x668 c:/ac6/systemworkbench/plugins/fr.ac6.mcu.externaltools.arm-none.win32_1.15.0.201708311556/tools/compiler/bin/../lib/gcc/arm-none-eabi/6.3.1/thumb/v6-m\libgcc.a(divdf3.o)
                0x08000a58                __aeabi_ddiv
 .text          0x080010c0      0x500 c:/ac6/systemworkbench/plugins/fr.ac6.mcu.externaltools.arm-none.win32_1.15.0.201708311556/tools/compiler/bin/../lib/gcc/arm-none-eabi/6.3.1/thumb/v6-m\libgcc.a(muldf3.o)
                0x080010c0                __aeabi_dmul
 .text          0x080015c0      0x62c c:/ac6/systemworkbench/plugins/fr.ac6.mcu.externaltools.arm-none.win32_1.15.0.201708311556/tools/compiler/bin/../lib/gcc/arm-none-eabi/6.3.1/thumb/v6-m\libgcc.a(subdf3.o)
                0x080015c0                __aeabi_dsub
 .text          0x08001bec       0x84 c:/ac6/systemworkbench/plugins/fr.ac6.mcu.externaltools.arm-none.win32_1.15.0.201708311556/tools/compiler/bin/../lib/gcc/arm-none-eabi/6.3.1/thumb/v6-m\libgcc.a(floatsidf.o)
                0x08001bec                __aeabi_i2d
 .text          0x08001c70      0x114 c:/ac6/systemworkbench/plugins/fr.ac6.mcu.externaltools.arm-none.win32_1.15.0.201708311556/tools/compiler/bin/../lib/gcc/arm-none-eabi/6.3.1/thumb/v6-m\libgcc.a(truncdfsf2.o)
                0x08001c70                __aeabi_d2f
 .text          0x08001d84       0x3c c:/ac6/systemworkbench/plugins/fr.ac6.mcu.externaltools.arm-none.win32_1.15.0.201708311556/tools/compiler/bin/../lib/gcc/arm-none-eabi/6.3.1/thumb/v6-m\libgcc.a(_clzsi2.o)
                0x08001d84                __clzsi2
 .text          0x08001dc0       0x18 c:/ac6/systemworkbench/plugins/fr.ac6.mcu.externaltools.arm-none.win32_1.15.0.201708311556/tools/compiler/bin/../lib/gcc/arm-none-eabi/6.3.1/thumb/v6-m\libgcc.a(_clzdi2.o)
                0x08001dc0                __clzdi2
 .text          0x08001dd8        0xe c:/ac6/systemworkbench/plugins/fr.ac6.mcu.externaltools.arm-none.win32_1.15.0.201708311556/tools/compiler/bin/../lib/gcc/arm-none-eabi/6.3.1/../../../../arm-none-eabi/lib/thumb/v6-m\libc_nano.a(lib_a-strlen.o)
                0x08001dd8                strlen
 *(.text*)
 *fill*         0x08001de6        0x2 
 .text.HAL_InitTick
                0x08001de8       0x28 Drivers/STM32L0xx_HAL_Driver/Src/stm32l0xx_hal.o
                0x08001de8                HAL_InitTick
 .text.HAL_Init
                0x08001e10       0x20 Drivers/STM32L0xx_HAL_Driver/Src/stm32l0xx_hal.o
                0x08001e10                HAL_Init
 .text.HAL_IncTick
                0x08001e30       0x10 Drivers/STM32L0xx_HAL_Driver/Src/stm32l0xx_hal.o
                0x08001e30                HAL_IncTick
 .text.HAL_GetTick
                0x08001e40        0xc Drivers/STM32L0xx_HAL_Driver/Src/stm32l0xx_hal.o
                0x08001e40                HAL_GetTick
 .text.HAL_NVIC_SetPriority
                0x08001e4c       0x64 Drivers/STM32L0xx_HAL_Driver/Src/stm32l0xx_hal_cortex.o
                0x08001e4c                HAL_NVIC_SetPriority
 .text.HAL_SYSTICK_Config
                0x08001eb0       0x38 Drivers/STM32L0xx_HAL_Driver/Src/stm32l0xx_hal_cortex.o
                0x08001eb0                HAL_SYSTICK_Config
 .text.HAL_SYSTICK_CLKSourceConfig
                0x08001ee8       0x20 Drivers/STM32L0xx_HAL_Driver/Src/stm32l0xx_hal_cortex.o
                0x08001ee8                HAL_SYSTICK_CLKSourceConfig
 .text.FLASH_SetErrorCode
                0x08001f08       0xb4 Drivers/STM32L0xx_HAL_Driver/Src/stm32l0xx_hal_flash.o
 .text.HAL_FLASH_Unlock
                0x08001fbc       0x40 Drivers/STM32L0xx_HAL_Driver/Src/stm32l0xx_hal_flash.o
                0x08001fbc                HAL_FLASH_Unlock
 .text.HAL_FLASH_Lock
                0x08001ffc       0x14 Drivers/STM32L0xx_HAL_Driver/Src/stm32l0xx_hal_flash.o
                0x08001ffc                HAL_FLASH_Lock
 .text.FLASH_WaitForLastOperation
                0x08002010       0x84 Drivers/STM32L0xx_HAL_Driver/Src/stm32l0xx_hal_flash.o
                0x08002010                FLASH_WaitForLastOperation
 .text.HAL_FLASH_Program
                0x08002094       0x44 Drivers/STM32L0xx_HAL_Driver/Src/stm32l0xx_hal_flash.o
                0x08002094                HAL_FLASH_Program
 .text.FLASH_PageErase
                0x080020d8       0x2c Drivers/STM32L0xx_HAL_Driver/Src/stm32l0xx_hal_flash_ex.o
                0x080020d8                FLASH_PageErase
 .text.HAL_FLASHEx_Erase
                0x08002104       0x78 Drivers/STM32L0xx_HAL_Driver/Src/stm32l0xx_hal_flash_ex.o
                0x08002104                HAL_FLASHEx_Erase
 .text.HAL_GPIO_Init
                0x0800217c      0x198 Drivers/STM32L0xx_HAL_Driver/Src/stm32l0xx_hal_gpio.o
                0x0800217c                HAL_GPIO_Init
 .text.HAL_GPIO_WritePin
                0x08002314        0xc Drivers/STM32L0xx_HAL_Driver/Src/stm32l0xx_hal_gpio.o
                0x08002314                HAL_GPIO_WritePin
 .text.I2C_Flush_TXDR
                0x08002320       0x1e Drivers/STM32L0xx_HAL_Driver/Src/stm32l0xx_hal_i2c.o
 *fill*         0x0800233e        0x2 
 .text.I2C_TransferConfig
                0x08002340       0x2c Drivers/STM32L0xx_HAL_Driver/Src/stm32l0xx_hal_i2c.o
 .text.I2C_IsAcknowledgeFailed
                0x0800236c       0x78 Drivers/STM32L0xx_HAL_Driver/Src/stm32l0xx_hal_i2c.o
 .text.I2C_WaitOnTXISFlagUntilTimeout
                0x080023e4       0x52 Drivers/STM32L0xx_HAL_Driver/Src/stm32l0xx_hal_i2c.o
 .text.I2C_WaitOnFlagUntilTimeout
                0x08002436       0x48 Drivers/STM32L0xx_HAL_Driver/Src/stm32l0xx_hal_i2c.o
 *fill*         0x0800247e        0x2 
 .text.I2C_RequestMemoryWrite
                0x08002480       0x88 Drivers/STM32L0xx_HAL_Driver/Src/stm32l0xx_hal_i2c.o
 .text.I2C_RequestMemoryRead
                0x08002508       0x84 Drivers/STM32L0xx_HAL_Driver/Src/stm32l0xx_hal_i2c.o
 .text.I2C_WaitOnSTOPFlagUntilTimeout
                0x0800258c       0x4e Drivers/STM32L0xx_HAL_Driver/Src/stm32l0xx_hal_i2c.o
 *fill*         0x080025da        0x2 
 .text.HAL_I2C_Init
                0x080025dc       0xcc Drivers/STM32L0xx_HAL_Driver/Src/stm32l0xx_hal_i2c.o
                0x080025dc                HAL_I2C_Init
 .text.HAL_I2C_Mem_Write
                0x080026a8      0x1c4 Drivers/STM32L0xx_HAL_Driver/Src/stm32l0xx_hal_i2c.o
                0x080026a8                HAL_I2C_Mem_Write
 .text.HAL_I2C_Mem_Read
                0x0800286c      0x1cc Drivers/STM32L0xx_HAL_Driver/Src/stm32l0xx_hal_i2c.o
                0x0800286c                HAL_I2C_Mem_Read
 .text.HAL_I2CEx_ConfigAnalogFilter
                0x08002a38       0x58 Drivers/STM32L0xx_HAL_Driver/Src/stm32l0xx_hal_i2c_ex.o
                0x08002a38                HAL_I2CEx_ConfigAnalogFilter
 .text.HAL_I2CEx_ConfigDigitalFilter
                0x08002a90       0x54 Drivers/STM32L0xx_HAL_Driver/Src/stm32l0xx_hal_i2c_ex.o
                0x08002a90                HAL_I2CEx_ConfigDigitalFilter
 .text.IRDA_SetConfig
                0x08002ae4      0x18c Drivers/STM32L0xx_HAL_Driver/Src/stm32l0xx_hal_irda.o
 .text.IRDA_WaitOnFlagUntilTimeout
                0x08002c70       0x6c Drivers/STM32L0xx_HAL_Driver/Src/stm32l0xx_hal_irda.o
 .text.IRDA_CheckIdleState
                0x08002cdc       0x6e Drivers/STM32L0xx_HAL_Driver/Src/stm32l0xx_hal_irda.o
 *fill*         0x08002d4a        0x2 
 .text.HAL_IRDA_Init
                0x08002d4c       0x6c Drivers/STM32L0xx_HAL_Driver/Src/stm32l0xx_hal_irda.o
                0x08002d4c                HAL_IRDA_Init
 .text.RCC_SetFlashLatencyFromMSIRange
                0x08002db8       0x80 Drivers/STM32L0xx_HAL_Driver/Src/stm32l0xx_hal_rcc.o
 .text.HAL_RCC_OscConfig
                0x08002e38      0x574 Drivers/STM32L0xx_HAL_Driver/Src/stm32l0xx_hal_rcc.o
                0x08002e38                HAL_RCC_OscConfig
 .text.HAL_RCC_GetSysClockFreq
                0x080033ac       0x94 Drivers/STM32L0xx_HAL_Driver/Src/stm32l0xx_hal_rcc.o
                0x080033ac                HAL_RCC_GetSysClockFreq
 .text.HAL_RCC_ClockConfig
                0x08003440      0x1a0 Drivers/STM32L0xx_HAL_Driver/Src/stm32l0xx_hal_rcc.o
                0x08003440                HAL_RCC_ClockConfig
 .text.HAL_RCC_GetHCLKFreq
                0x080035e0        0xc Drivers/STM32L0xx_HAL_Driver/Src/stm32l0xx_hal_rcc.o
                0x080035e0                HAL_RCC_GetHCLKFreq
 .text.HAL_RCC_GetPCLK1Freq
                0x080035ec       0x20 Drivers/STM32L0xx_HAL_Driver/Src/stm32l0xx_hal_rcc.o
                0x080035ec                HAL_RCC_GetPCLK1Freq
 .text.HAL_RCC_GetPCLK2Freq
                0x0800360c       0x20 Drivers/STM32L0xx_HAL_Driver/Src/stm32l0xx_hal_rcc.o
                0x0800360c                HAL_RCC_GetPCLK2Freq
 .text.HAL_RCCEx_PeriphCLKConfig
                0x0800362c      0x1fc Drivers/STM32L0xx_HAL_Driver/Src/stm32l0xx_hal_rcc_ex.o
                0x0800362c                HAL_RCCEx_PeriphCLKConfig
 .text.HAL_RCCEx_GetPeriphCLKFreq
                0x08003828      0x268 Drivers/STM32L0xx_HAL_Driver/Src/stm32l0xx_hal_rcc_ex.o
                0x08003828                HAL_RCCEx_GetPeriphCLKFreq
 .text.HAL_RTC_WaitForSynchro
                0x08003a90       0x32 Drivers/STM32L0xx_HAL_Driver/Src/stm32l0xx_hal_rtc.o
                0x08003a90                HAL_RTC_WaitForSynchro
 .text.RTC_EnterInitMode
                0x08003ac2       0x3a Drivers/STM32L0xx_HAL_Driver/Src/stm32l0xx_hal_rtc.o
                0x08003ac2                RTC_EnterInitMode
 .text.HAL_RTC_Init
                0x08003afc       0xac Drivers/STM32L0xx_HAL_Driver/Src/stm32l0xx_hal_rtc.o
                0x08003afc                HAL_RTC_Init
 .text.RTC_ByteToBcd2
                0x08003ba8       0x16 Drivers/STM32L0xx_HAL_Driver/Src/stm32l0xx_hal_rtc.o
                0x08003ba8                RTC_ByteToBcd2
 *fill*         0x08003bbe        0x2 
 .text.HAL_RTC_SetTime
                0x08003bc0      0x10c Drivers/STM32L0xx_HAL_Driver/Src/stm32l0xx_hal_rtc.o
                0x08003bc0                HAL_RTC_SetTime
 .text.HAL_RTC_SetDate
                0x08003ccc       0xec Drivers/STM32L0xx_HAL_Driver/Src/stm32l0xx_hal_rtc.o
                0x08003ccc                HAL_RTC_SetDate
 .text.RTC_Bcd2ToByte
                0x08003db8       0x12 Drivers/STM32L0xx_HAL_Driver/Src/stm32l0xx_hal_rtc.o
                0x08003db8                RTC_Bcd2ToByte
 *fill*         0x08003dca        0x2 
 .text.HAL_RTC_GetTime
                0x08003dcc       0x58 Drivers/STM32L0xx_HAL_Driver/Src/stm32l0xx_hal_rtc.o
                0x08003dcc                HAL_RTC_GetTime
 .text.HAL_RTC_GetDate
                0x08003e24       0x48 Drivers/STM32L0xx_HAL_Driver/Src/stm32l0xx_hal_rtc.o
                0x08003e24                HAL_RTC_GetDate
 .text.HAL_RTCEx_BKUPWrite
                0x08003e6c        0xc Drivers/STM32L0xx_HAL_Driver/Src/stm32l0xx_hal_rtc_ex.o
                0x08003e6c                HAL_RTCEx_BKUPWrite
 .text.HAL_RTCEx_BKUPRead
                0x08003e78        0xc Drivers/STM32L0xx_HAL_Driver/Src/stm32l0xx_hal_rtc_ex.o
                0x08003e78                HAL_RTCEx_BKUPRead
 .text.UART_SetConfig
                0x08003e84      0x334 Drivers/STM32L0xx_HAL_Driver/Src/stm32l0xx_hal_uart.o
                0x08003e84                UART_SetConfig
 .text.UART_AdvFeatureConfig
                0x080041b8       0xe0 Drivers/STM32L0xx_HAL_Driver/Src/stm32l0xx_hal_uart.o
                0x080041b8                UART_AdvFeatureConfig
 .text.UART_WaitOnFlagUntilTimeout
                0x08004298       0x6c Drivers/STM32L0xx_HAL_Driver/Src/stm32l0xx_hal_uart.o
                0x08004298                UART_WaitOnFlagUntilTimeout
 .text.HAL_UART_Transmit
                0x08004304       0xe2 Drivers/STM32L0xx_HAL_Driver/Src/stm32l0xx_hal_uart.o
                0x08004304                HAL_UART_Transmit
 *fill*         0x080043e6        0x2 
 .text.UART_CheckIdleState
                0x080043e8       0x70 Drivers/STM32L0xx_HAL_Driver/Src/stm32l0xx_hal_uart.o
                0x080043e8                UART_CheckIdleState
 .text.HAL_UART_Init
                0x08004458       0x70 Drivers/STM32L0xx_HAL_Driver/Src/stm32l0xx_hal_uart.o
                0x08004458                HAL_UART_Init
 .text.makeFreeRtosPriority
                0x080044c8        0xc Middlewares/Third_Party/FreeRTOS/Source/CMSIS_RTOS/cmsis_os.o
 .text.inHandlerMode
                0x080044d4        0xa Middlewares/Third_Party/FreeRTOS/Source/CMSIS_RTOS/cmsis_os.o
 .text.osKernelStart
                0x080044de        0xa Middlewares/Third_Party/FreeRTOS/Source/CMSIS_RTOS/cmsis_os.o
                0x080044de                osKernelStart
 .text.osThreadCreate
                0x080044e8       0x34 Middlewares/Third_Party/FreeRTOS/Source/CMSIS_RTOS/cmsis_os.o
                0x080044e8                osThreadCreate
 .text.osDelay  0x0800451c       0x10 Middlewares/Third_Party/FreeRTOS/Source/CMSIS_RTOS/cmsis_os.o
                0x0800451c                osDelay
 .text.osPoolCreate
                0x0800452c       0x6c Middlewares/Third_Party/FreeRTOS/Source/CMSIS_RTOS/cmsis_os.o
                0x0800452c                osPoolCreate
 .text.osPoolAlloc
                0x08004598       0x66 Middlewares/Third_Party/FreeRTOS/Source/CMSIS_RTOS/cmsis_os.o
                0x08004598                osPoolAlloc
 .text.osPoolFree
                0x080045fe       0x4e Middlewares/Third_Party/FreeRTOS/Source/CMSIS_RTOS/cmsis_os.o
                0x080045fe                osPoolFree
 .text.osMessageCreate
                0x0800464c        0xe Middlewares/Third_Party/FreeRTOS/Source/CMSIS_RTOS/cmsis_os.o
                0x0800464c                osMessageCreate
 *fill*         0x0800465a        0x2 
 .text.osMessagePut
                0x0800465c       0x64 Middlewares/Third_Party/FreeRTOS/Source/CMSIS_RTOS/cmsis_os.o
                0x0800465c                osMessagePut
 .text.osMessageGet
                0x080046c0       0x94 Middlewares/Third_Party/FreeRTOS/Source/CMSIS_RTOS/cmsis_os.o
                0x080046c0                osMessageGet
 .text.osMailCreate
                0x08004754       0x6c Middlewares/Third_Party/FreeRTOS/Source/CMSIS_RTOS/cmsis_os.o
                0x08004754                osMailCreate
 .text.osMailAlloc
                0x080047c0       0x12 Middlewares/Third_Party/FreeRTOS/Source/CMSIS_RTOS/cmsis_os.o
                0x080047c0                osMailAlloc
 *fill*         0x080047d2        0x2 
 .text.osMailPut
                0x080047d4       0x64 Middlewares/Third_Party/FreeRTOS/Source/CMSIS_RTOS/cmsis_os.o
                0x080047d4                osMailPut
 .text.osMailGet
                0x08004838       0x90 Middlewares/Third_Party/FreeRTOS/Source/CMSIS_RTOS/cmsis_os.o
                0x08004838                osMailGet
 .text.osMailFree
                0x080048c8       0x12 Middlewares/Third_Party/FreeRTOS/Source/CMSIS_RTOS/cmsis_os.o
                0x080048c8                osMailFree
 .text.osSystickHandler
                0x080048da       0x10 Middlewares/Third_Party/FreeRTOS/Source/CMSIS_RTOS/cmsis_os.o
                0x080048da                osSystickHandler
 .text.vListInitialise
                0x080048ea       0x16 Middlewares/Third_Party/FreeRTOS/Source/list.o
                0x080048ea                vListInitialise
 .text.vListInitialiseItem
                0x08004900        0x6 Middlewares/Third_Party/FreeRTOS/Source/list.o
                0x08004900                vListInitialiseItem
 .text.vListInsertEnd
                0x08004906       0x18 Middlewares/Third_Party/FreeRTOS/Source/list.o
                0x08004906                vListInsertEnd
 .text.vListInsert
                0x0800491e       0x30 Middlewares/Third_Party/FreeRTOS/Source/list.o
                0x0800491e                vListInsert
 .text.uxListRemove
                0x0800494e       0x26 Middlewares/Third_Party/FreeRTOS/Source/list.o
                0x0800494e                uxListRemove
 .text.prvIsQueueFull
                0x08004974       0x1e Middlewares/Third_Party/FreeRTOS/Source/queue.o
 .text.prvIsQueueEmpty
                0x08004992       0x1c Middlewares/Third_Party/FreeRTOS/Source/queue.o
 .text.prvCopyDataToQueue
                0x080049ae       0x82 Middlewares/Third_Party/FreeRTOS/Source/queue.o
 .text.prvCopyDataFromQueue
                0x08004a30       0x24 Middlewares/Third_Party/FreeRTOS/Source/queue.o
 .text.prvUnlockQueue
                0x08004a54       0x72 Middlewares/Third_Party/FreeRTOS/Source/queue.o
 .text.xQueueGenericReset
                0x08004ac6       0x6e Middlewares/Third_Party/FreeRTOS/Source/queue.o
                0x08004ac6                xQueueGenericReset
 .text.prvInitialiseNewQueue
                0x08004b34       0x1c Middlewares/Third_Party/FreeRTOS/Source/queue.o
 .text.xQueueGenericCreate
                0x08004b50       0x3e Middlewares/Third_Party/FreeRTOS/Source/queue.o
                0x08004b50                xQueueGenericCreate
 .text.xQueueGenericSend
                0x08004b8e      0x140 Middlewares/Third_Party/FreeRTOS/Source/queue.o
                0x08004b8e                xQueueGenericSend
 .text.xQueueGenericSendFromISR
                0x08004cce       0xb2 Middlewares/Third_Party/FreeRTOS/Source/queue.o
                0x08004cce                xQueueGenericSendFromISR
 .text.xQueueGenericReceive
                0x08004d80      0x17e Middlewares/Third_Party/FreeRTOS/Source/queue.o
                0x08004d80                xQueueGenericReceive
 .text.xQueueReceiveFromISR
                0x08004efe       0x96 Middlewares/Third_Party/FreeRTOS/Source/queue.o
                0x08004efe                xQueueReceiveFromISR
 .text.prvResetNextTaskUnblockTime
                0x08004f94       0x30 Middlewares/Third_Party/FreeRTOS/Source/tasks.o
 .text.prvDeleteTCB
                0x08004fc4       0x12 Middlewares/Third_Party/FreeRTOS/Source/tasks.o
 *fill*         0x08004fd6        0x2 
 .text.prvInitialiseNewTask
                0x08004fd8       0x88 Middlewares/Third_Party/FreeRTOS/Source/tasks.o
 .text.prvInitialiseTaskLists
                0x08005060       0x58 Middlewares/Third_Party/FreeRTOS/Source/tasks.o
 .text.prvAddNewTaskToReadyList
                0x080050b8       0x94 Middlewares/Third_Party/FreeRTOS/Source/tasks.o
 .text.prvAddCurrentTaskToDelayedList
                0x0800514c       0x6c Middlewares/Third_Party/FreeRTOS/Source/tasks.o
 .text.xTaskCreate
                0x080051b8       0x5e Middlewares/Third_Party/FreeRTOS/Source/tasks.o
                0x080051b8                xTaskCreate
 *fill*         0x08005216        0x2 
 .text.vTaskStartScheduler
                0x08005218       0x54 Middlewares/Third_Party/FreeRTOS/Source/tasks.o
                0x08005218                vTaskStartScheduler
 .text.vTaskSuspendAll
                0x0800526c       0x10 Middlewares/Third_Party/FreeRTOS/Source/tasks.o
                0x0800526c                vTaskSuspendAll
 .text.xTaskIncrementTick
                0x0800527c      0x100 Middlewares/Third_Party/FreeRTOS/Source/tasks.o
                0x0800527c                xTaskIncrementTick
 .text.xTaskResumeAll
                0x0800537c       0xd8 Middlewares/Third_Party/FreeRTOS/Source/tasks.o
                0x0800537c                xTaskResumeAll
 .text.vTaskDelay
                0x08005454       0x34 Middlewares/Third_Party/FreeRTOS/Source/tasks.o
                0x08005454                vTaskDelay
 .text.prvCheckTasksWaitingTermination
                0x08005488       0x50 Middlewares/Third_Party/FreeRTOS/Source/tasks.o
 .text.prvIdleTask
                0x080054d8       0x18 Middlewares/Third_Party/FreeRTOS/Source/tasks.o
 .text.vTaskSwitchContext
                0x080054f0       0x80 Middlewares/Third_Party/FreeRTOS/Source/tasks.o
                0x080054f0                vTaskSwitchContext
 .text.vTaskPlaceOnEventList
                0x08005570       0x24 Middlewares/Third_Party/FreeRTOS/Source/tasks.o
                0x08005570                vTaskPlaceOnEventList
 .text.xTaskRemoveFromEventList
                0x08005594       0x78 Middlewares/Third_Party/FreeRTOS/Source/tasks.o
                0x08005594                xTaskRemoveFromEventList
 .text.vTaskSetTimeOutState
                0x0800560c       0x18 Middlewares/Third_Party/FreeRTOS/Source/tasks.o
                0x0800560c                vTaskSetTimeOutState
 .text.xTaskCheckForTimeOut
                0x08005624       0x64 Middlewares/Third_Party/FreeRTOS/Source/tasks.o
                0x08005624                xTaskCheckForTimeOut
 .text.vTaskMissedYield
                0x08005688        0xc Middlewares/Third_Party/FreeRTOS/Source/tasks.o
                0x08005688                vTaskMissedYield
 .text.xTaskGetSchedulerState
                0x08005694       0x20 Middlewares/Third_Party/FreeRTOS/Source/tasks.o
                0x08005694                xTaskGetSchedulerState
 .text.vTaskPriorityInherit
                0x080056b4       0x80 Middlewares/Third_Party/FreeRTOS/Source/tasks.o
                0x080056b4                vTaskPriorityInherit
 .text.xTaskPriorityDisinherit
                0x08005734       0x74 Middlewares/Third_Party/FreeRTOS/Source/tasks.o
                0x08005734                xTaskPriorityDisinherit
 .text.pvTaskIncrementMutexHeldCount
                0x080057a8       0x1c Middlewares/Third_Party/FreeRTOS/Source/tasks.o
                0x080057a8                pvTaskIncrementMutexHeldCount
 .text.prvTaskExitError
                0x080057c4       0x14 Middlewares/Third_Party/FreeRTOS/Source/portable/GCC/ARM_CM0/port.o
 *fill*         0x080057d8        0x8 
 .text.vPortStartFirstTask
                0x080057e0       0x34 Middlewares/Third_Party/FreeRTOS/Source/portable/GCC/ARM_CM0/port.o
 .text.pxPortInitialiseStack
                0x08005814       0x20 Middlewares/Third_Party/FreeRTOS/Source/portable/GCC/ARM_CM0/port.o
                0x08005814                pxPortInitialiseStack
 .text.SVC_Handler
                0x08005834        0x2 Middlewares/Third_Party/FreeRTOS/Source/portable/GCC/ARM_CM0/port.o
                0x08005834                SVC_Handler
 *fill*         0x08005836        0x2 
 .text.vPortYield
                0x08005838       0x18 Middlewares/Third_Party/FreeRTOS/Source/portable/GCC/ARM_CM0/port.o
                0x08005838                vPortYield
 .text.vPortEnterCritical
                0x08005850       0x18 Middlewares/Third_Party/FreeRTOS/Source/portable/GCC/ARM_CM0/port.o
                0x08005850                vPortEnterCritical
 .text.vPortExitCritical
                0x08005868       0x20 Middlewares/Third_Party/FreeRTOS/Source/portable/GCC/ARM_CM0/port.o
                0x08005868                vPortExitCritical
 .text.ulSetInterruptMaskFromISR
                0x08005888        0xa Middlewares/Third_Party/FreeRTOS/Source/portable/GCC/ARM_CM0/port.o
                0x08005888                ulSetInterruptMaskFromISR
 .text.vClearInterruptMaskFromISR
                0x08005892        0x6 Middlewares/Third_Party/FreeRTOS/Source/portable/GCC/ARM_CM0/port.o
                0x08005892                vClearInterruptMaskFromISR
 *fill*         0x08005898        0x8 
 .text.PendSV_Handler
                0x080058a0       0x44 Middlewares/Third_Party/FreeRTOS/Source/portable/GCC/ARM_CM0/port.o
                0x080058a0                PendSV_Handler
 .text.xPortSysTickHandler
                0x080058e4       0x24 Middlewares/Third_Party/FreeRTOS/Source/portable/GCC/ARM_CM0/port.o
                0x080058e4                xPortSysTickHandler
 .text.vPortSetupTimerInterrupt
                0x08005908       0x28 Middlewares/Third_Party/FreeRTOS/Source/portable/GCC/ARM_CM0/port.o
                0x08005908                vPortSetupTimerInterrupt
 .text.xPortStartScheduler
                0x08005930       0x34 Middlewares/Third_Party/FreeRTOS/Source/portable/GCC/ARM_CM0/port.o
                0x08005930                xPortStartScheduler
 .text.prvHeapInit
                0x08005964       0x54 Middlewares/Third_Party/FreeRTOS/Source/portable/MemMang/heap_4.o
 .text.prvInsertBlockIntoFreeList
                0x080059b8       0x50 Middlewares/Third_Party/FreeRTOS/Source/portable/MemMang/heap_4.o
 .text.pvPortMalloc
                0x08005a08       0xd0 Middlewares/Third_Party/FreeRTOS/Source/portable/MemMang/heap_4.o
                0x08005a08                pvPortMalloc
 .text.vPortFree
                0x08005ad8       0x50 Middlewares/Third_Party/FreeRTOS/Source/portable/MemMang/heap_4.o
                0x08005ad8                vPortFree
 .text.HTS221_I2C_Read
                0x08005b28       0x24 Src/HTS221.o
 .text.HTS221_I2C_Read_return
                0x08005b4c       0x1a Src/HTS221.o
 .text.HTS221_CheckAvailable
                0x08005b66       0x14 Src/HTS221.o
 *fill*         0x08005b7a        0x2 
 .text.HTS221_GetCoefficient
                0x08005b7c       0xb0 Src/HTS221.o
 .text.HTS221_EnableDevice
                0x08005c2c       0x2c Src/HTS221.o
 .text.HTS221_I2C_Write
                0x08005c58       0x24 Src/HTS221.o
 .text.HTS221_ConfigDevice
                0x08005c7c       0x36 Src/HTS221.o
                0x08005c7c                HTS221_ConfigDevice
 *fill*         0x08005cb2        0x2 
 .text.HTS221_Init
                0x08005cb4       0x2c Src/HTS221.o
                0x08005cb4                HTS221_Init
 .text.HTS221_GetHumidity
                0x08005ce0       0x9c Src/HTS221.o
                0x08005ce0                HTS221_GetHumidity
 .text.HTS221_GetTemperature
                0x08005d7c       0x9c Src/HTS221.o
                0x08005d7c                HTS221_GetTemperature
 .text.EEPROM_Erase
                0x08005e18       0x30 Src/data.o
                0x08005e18                EEPROM_Erase
 .text.EEPROM_Write
                0x08005e48       0x30 Src/data.o
                0x08005e48                EEPROM_Write
 .text.EEPROM_Read
                0x08005e78       0x20 Src/data.o
                0x08005e78                EEPROM_Read
 .text.EEPROM_ReadSensor
                0x08005e98        0xc Src/data.o
                0x08005e98                EEPROM_ReadSensor
 .text.EEPROM_WriteSensor
                0x08005ea4        0xc Src/data.o
                0x08005ea4                EEPROM_WriteSensor
 .text.EEPROM_WritePointer
                0x08005eb0       0x10 Src/data.o
                0x08005eb0                EEPROM_WritePointer
 .text.EEPROM_ReadPointer
                0x08005ec0       0x30 Src/data.o
                0x08005ec0                EEPROM_ReadPointer
 .text.WriteData
                0x08005ef0       0x54 Src/data.o
                0x08005ef0                WriteData
 .text.ReadData
                0x08005f44       0x34 Src/data.o
                0x08005f44                ReadData
 .text.DBTask   0x08005f78      0x124 Src/data.o
                0x08005f78                DBTask
 .text.MX_GPIO_Init
                0x0800609c       0x8c Src/main.o
 .text._Error_Handler
                0x08006128        0x2 Src/main.o
                0x08006128                _Error_Handler
 *fill*         0x0800612a        0x2 
 .text.MX_RTC_Init
                0x0800612c       0xa4 Src/main.o
 .text.MX_USART2_UART_Init
                0x080061d0       0x44 Src/main.o
 .text.MX_USART1_IRDA_Init
                0x08006214       0x44 Src/main.o
 .text.MX_I2C1_Init
                0x08006258       0x6c Src/main.o
 .text.SystemClock_Config
                0x080062c4       0xb8 Src/main.o
                0x080062c4                SystemClock_Config
 .text.main     0x0800637c       0xec Src/main.o
                0x0800637c                main
 .text.send_to_queue
                0x08006468       0x24 Src/sensor.o
                0x08006468                send_to_queue
 .text.SetSensorData
                0x0800648c       0x4c Src/sensor.o
                0x0800648c                SetSensorData
 .text.SensorTask
                0x080064d8       0x30 Src/sensor.o
                0x080064d8                SensorTask
 .text.HAL_MspInit
                0x08006508       0x40 Src/stm32l0xx_hal_msp.o
                0x08006508                HAL_MspInit
 .text.HAL_I2C_MspInit
                0x08006548       0x48 Src/stm32l0xx_hal_msp.o
                0x08006548                HAL_I2C_MspInit
 .text.HAL_RTC_MspInit
                0x08006590       0x20 Src/stm32l0xx_hal_msp.o
                0x08006590                HAL_RTC_MspInit
 .text.HAL_IRDA_MspInit
                0x080065b0       0x48 Src/stm32l0xx_hal_msp.o
                0x080065b0                HAL_IRDA_MspInit
 .text.HAL_UART_MspInit
                0x080065f8       0x44 Src/stm32l0xx_hal_msp.o
                0x080065f8                HAL_UART_MspInit
 .text.SysTick_Handler
                0x0800663c        0xc Src/stm32l0xx_it.o
                0x0800663c                SysTick_Handler
 .text.SystemInit
                0x08006648       0x5c Src/system_stm32l0xx.o
                0x08006648                SystemInit
 .text.PrintToUart
                0x080066a4      0x144 Src/transmit.o
                0x080066a4                PrintToUart
 .text.getFromQueue
                0x080067e8       0x48 Src/transmit.o
                0x080067e8                getFromQueue
 .text.TransmitTask
                0x08006830       0x68 Src/transmit.o
                0x08006830                TransmitTask
 .text.Reset_Handler
                0x08006898       0x50 startup/startup_stm32l053xx.o
                0x08006898                Reset_Handler
 .text.Default_Handler
                0x080068e8        0x2 startup/startup_stm32l053xx.o
                0x080068e8                TSC_IRQHandler
                0x080068e8                HardFault_Handler
                0x080068e8                ADC1_COMP_IRQHandler
                0x080068e8                PVD_IRQHandler
                0x080068e8                NMI_Handler
                0x080068e8                I2C1_IRQHandler
                0x080068e8                RCC_CRS_IRQHandler
                0x080068e8                SPI1_IRQHandler
                0x080068e8                TIM6_DAC_IRQHandler
                0x080068e8                EXTI2_3_IRQHandler
                0x080068e8                I2C2_IRQHandler
                0x080068e8                RTC_IRQHandler
                0x080068e8                LCD_IRQHandler
                0x080068e8                DMA1_Channel4_5_6_7_IRQHandler
                0x080068e8                EXTI4_15_IRQHandler
                0x080068e8                DMA1_Channel1_IRQHandler
                0x080068e8                Default_Handler
                0x080068e8                TIM22_IRQHandler
                0x080068e8                EXTI0_1_IRQHandler
                0x080068e8                USB_IRQHandler
                0x080068e8                SPI2_IRQHandler
                0x080068e8                TIM21_IRQHandler
                0x080068e8                WWDG_IRQHandler
                0x080068e8                TIM2_IRQHandler
                0x080068e8                DMA1_Channel2_3_IRQHandler
                0x080068e8                USART2_IRQHandler
                0x080068e8                FLASH_IRQHandler
                0x080068e8                USART1_IRQHandler
                0x080068e8                RNG_LPUART1_IRQHandler
                0x080068e8                LPTIM1_IRQHandler
 *fill*         0x080068ea        0x2 
 .text.__libc_init_array
                0x080068ec       0x48 c:/ac6/systemworkbench/plugins/fr.ac6.mcu.externaltools.arm-none.win32_1.15.0.201708311556/tools/compiler/bin/../lib/gcc/arm-none-eabi/6.3.1/../../../../arm-none-eabi/lib/thumb/v6-m\libc_nano.a(lib_a-init.o)
                0x080068ec                __libc_init_array
 .text.__itoa   0x08006934       0x30 c:/ac6/systemworkbench/plugins/fr.ac6.mcu.externaltools.arm-none.win32_1.15.0.201708311556/tools/compiler/bin/../lib/gcc/arm-none-eabi/6.3.1/../../../../arm-none-eabi/lib/thumb/v6-m\libc_nano.a(lib_a-itoa.o)
                0x08006934                __itoa
 .text.itoa     0x08006964        0x8 c:/ac6/systemworkbench/plugins/fr.ac6.mcu.externaltools.arm-none.win32_1.15.0.201708311556/tools/compiler/bin/../lib/gcc/arm-none-eabi/6.3.1/../../../../arm-none-eabi/lib/thumb/v6-m\libc_nano.a(lib_a-itoa.o)
                0x08006964                itoa
 .text.memcpy   0x0800696c       0x12 c:/ac6/systemworkbench/plugins/fr.ac6.mcu.externaltools.arm-none.win32_1.15.0.201708311556/tools/compiler/bin/../lib/gcc/arm-none-eabi/6.3.1/../../../../arm-none-eabi/lib/thumb/v6-m\libc_nano.a(lib_a-memcpy-stub.o)
                0x0800696c                memcpy
 .text.memset   0x0800697e       0x10 c:/ac6/systemworkbench/plugins/fr.ac6.mcu.externaltools.arm-none.win32_1.15.0.201708311556/tools/compiler/bin/../lib/gcc/arm-none-eabi/6.3.1/../../../../arm-none-eabi/lib/thumb/v6-m\libc_nano.a(lib_a-memset.o)
                0x0800697e                memset
 .text.strcat   0x0800698e       0x1a c:/ac6/systemworkbench/plugins/fr.ac6.mcu.externaltools.arm-none.win32_1.15.0.201708311556/tools/compiler/bin/../lib/gcc/arm-none-eabi/6.3.1/../../../../arm-none-eabi/lib/thumb/v6-m\libc_nano.a(lib_a-strcat.o)
                0x0800698e                strcat
 .text.__utoa   0x080069a8       0x74 c:/ac6/systemworkbench/plugins/fr.ac6.mcu.externaltools.arm-none.win32_1.15.0.201708311556/tools/compiler/bin/../lib/gcc/arm-none-eabi/6.3.1/../../../../arm-none-eabi/lib/thumb/v6-m\libc_nano.a(lib_a-utoa.o)
                0x080069a8                __utoa
 *(.glue_7)
 .glue_7        0x08006a1c        0x0 linker stubs
 *(.glue_7t)
 .glue_7t       0x08006a1c        0x0 linker stubs
 *(.eh_frame)
 .eh_frame      0x08006a1c        0x0 c:/ac6/systemworkbench/plugins/fr.ac6.mcu.externaltools.arm-none.win32_1.15.0.201708311556/tools/compiler/bin/../lib/gcc/arm-none-eabi/6.3.1/thumb/v6-m/crtbegin.o
 *(.init)
 .init          0x08006a1c        0x4 c:/ac6/systemworkbench/plugins/fr.ac6.mcu.externaltools.arm-none.win32_1.15.0.201708311556/tools/compiler/bin/../lib/gcc/arm-none-eabi/6.3.1/thumb/v6-m/crti.o
                0x08006a1c                _init
 .init          0x08006a20        0x8 c:/ac6/systemworkbench/plugins/fr.ac6.mcu.externaltools.arm-none.win32_1.15.0.201708311556/tools/compiler/bin/../lib/gcc/arm-none-eabi/6.3.1/thumb/v6-m/crtn.o
 *(.fini)
 .fini          0x08006a28        0x4 c:/ac6/systemworkbench/plugins/fr.ac6.mcu.externaltools.arm-none.win32_1.15.0.201708311556/tools/compiler/bin/../lib/gcc/arm-none-eabi/6.3.1/thumb/v6-m/crti.o
                0x08006a28                _fini
 .fini          0x08006a2c        0x8 c:/ac6/systemworkbench/plugins/fr.ac6.mcu.externaltools.arm-none.win32_1.15.0.201708311556/tools/compiler/bin/../lib/gcc/arm-none-eabi/6.3.1/thumb/v6-m/crtn.o
                0x08006a34                . = ALIGN (0x4)
                0x08006a34                _etext = .

.vfp11_veneer   0x08006a34        0x0
 .vfp11_veneer  0x08006a34        0x0 linker stubs

.v4_bx          0x08006a34        0x0
 .v4_bx         0x08006a34        0x0 linker stubs

.iplt           0x08006a34        0x0
 .iplt          0x08006a34        0x0 c:/ac6/systemworkbench/plugins/fr.ac6.mcu.externaltools.arm-none.win32_1.15.0.201708311556/tools/compiler/bin/../lib/gcc/arm-none-eabi/6.3.1/thumb/v6-m/crtbegin.o

.rodata         0x08006a34      0x250
                0x08006a34                . = ALIGN (0x4)
 *(.rodata)
 .rodata        0x08006a34       0x24 Drivers/STM32L0xx_HAL_Driver/Src/stm32l0xx_hal_irda.o
 .rodata        0x08006a58       0x48 Drivers/STM32L0xx_HAL_Driver/Src/stm32l0xx_hal_uart.o
 .rodata        0x08006aa0       0x64 Src/main.o
                0x08006aa0                os_mailQ_def_dataWritequeue
                0x08006aac                os_mailQ_def_dataReadqueue
                0x08006ab8                os_messageQ_def_dataEventqueue
                0x08006ac0                os_messageQ_def_ReadEventCompleteQueue
 .rodata        0x08006b04       0x24 Src/system_stm32l0xx.o
                0x08006b04                PLLMulTable
                0x08006b10                AHBPrescTable
                0x08006b20                APBPrescTable
 .rodata        0x08006b28       0x40 c:/ac6/systemworkbench/plugins/fr.ac6.mcu.externaltools.arm-none.win32_1.15.0.201708311556/tools/compiler/bin/../lib/gcc/arm-none-eabi/6.3.1/thumb/v6-m\libgcc.a(divdf3.o)
 .rodata        0x08006b68       0x40 c:/ac6/systemworkbench/plugins/fr.ac6.mcu.externaltools.arm-none.win32_1.15.0.201708311556/tools/compiler/bin/../lib/gcc/arm-none-eabi/6.3.1/thumb/v6-m\libgcc.a(muldf3.o)
 *(.rodata*)
 .rodata.str1.4
                0x08006ba8        0x5 Middlewares/Third_Party/FreeRTOS/Source/tasks.o
 *fill*         0x08006bad        0x3 
 .rodata.str1.4
                0x08006bb0       0x25 Src/data.o
 *fill*         0x08006bd5        0x3 
 .rodata.str1.4
                0x08006bd8       0x32 Src/main.o
 *fill*         0x08006c0a        0x2 
 .rodata.str1.4
                0x08006c0c       0x50 Src/transmit.o
 .rodata.__utoa.str1.1
                0x08006c5c       0x25 c:/ac6/systemworkbench/plugins/fr.ac6.mcu.externaltools.arm-none.win32_1.15.0.201708311556/tools/compiler/bin/../lib/gcc/arm-none-eabi/6.3.1/../../../../arm-none-eabi/lib/thumb/v6-m\libc_nano.a(lib_a-utoa.o)
                0x08006c84                . = ALIGN (0x4)
 *fill*         0x08006c81        0x3 

.ARM.extab
 *(.ARM.extab* .gnu.linkonce.armextab.*)

.ARM            0x08006c84        0x8
                0x08006c84                __exidx_start = .
 *(.ARM.exidx*)
 .ARM.exidx     0x08006c84        0x8 c:/ac6/systemworkbench/plugins/fr.ac6.mcu.externaltools.arm-none.win32_1.15.0.201708311556/tools/compiler/bin/../lib/gcc/arm-none-eabi/6.3.1/thumb/v6-m\libgcc.a(_udivmoddi4.o)
                0x08006c8c                __exidx_end = .

.rel.dyn        0x08006c8c        0x0
 .rel.iplt      0x08006c8c        0x0 c:/ac6/systemworkbench/plugins/fr.ac6.mcu.externaltools.arm-none.win32_1.15.0.201708311556/tools/compiler/bin/../lib/gcc/arm-none-eabi/6.3.1/thumb/v6-m/crtbegin.o

.preinit_array  0x08006c8c        0x0
                0x08006c8c                PROVIDE (__preinit_array_start, .)
 *(.preinit_array*)
                0x08006c8c                PROVIDE (__preinit_array_end, .)

.init_array     0x08006c8c        0x4
                0x08006c8c                PROVIDE (__init_array_start, .)
 *(SORT(.init_array.*))
 *(.init_array*)
 .init_array    0x08006c8c        0x4 c:/ac6/systemworkbench/plugins/fr.ac6.mcu.externaltools.arm-none.win32_1.15.0.201708311556/tools/compiler/bin/../lib/gcc/arm-none-eabi/6.3.1/thumb/v6-m/crtbegin.o
                0x08006c90                PROVIDE (__init_array_end, .)

.fini_array     0x08006c90        0x4
                [!provide]                PROVIDE (__fini_array_start, .)
 *(SORT(.fini_array.*))
 *(.fini_array*)
 .fini_array    0x08006c90        0x4 c:/ac6/systemworkbench/plugins/fr.ac6.mcu.externaltools.arm-none.win32_1.15.0.201708311556/tools/compiler/bin/../lib/gcc/arm-none-eabi/6.3.1/thumb/v6-m/crtbegin.o
                [!provide]                PROVIDE (__fini_array_end, .)
                0x08006c94                _sidata = LOADADDR (.data)

.data           0x20000000        0x8 load address 0x08006c94
                0x20000000                . = ALIGN (0x4)
                0x20000000                _sdata = .
 *(.data)
 .data          0x20000000        0x4 Middlewares/Third_Party/FreeRTOS/Source/portable/GCC/ARM_CM0/port.o
 .data          0x20000004        0x4 Src/system_stm32l0xx.o
                0x20000004                SystemCoreClock
 *(.data*)
                0x20000008                . = ALIGN (0x4)
                0x20000008                _edata = .

.jcr            0x20000008        0x0 load address 0x08006c9c
 .jcr           0x20000008        0x0 c:/ac6/systemworkbench/plugins/fr.ac6.mcu.externaltools.arm-none.win32_1.15.0.201708311556/tools/compiler/bin/../lib/gcc/arm-none-eabi/6.3.1/thumb/v6-m/crtbegin.o

.igot.plt       0x20000008        0x0 load address 0x08006c9c
 .igot.plt      0x20000008        0x0 c:/ac6/systemworkbench/plugins/fr.ac6.mcu.externaltools.arm-none.win32_1.15.0.201708311556/tools/compiler/bin/../lib/gcc/arm-none-eabi/6.3.1/thumb/v6-m/crtbegin.o
                0x20000008                . = ALIGN (0x4)

.bss            0x20000008     0x18dc load address 0x08006c9c
                0x20000008                _sbss = .
                0x20000008                __bss_start__ = _sbss
 *(.bss)
 .bss           0x20000008       0x1c c:/ac6/systemworkbench/plugins/fr.ac6.mcu.externaltools.arm-none.win32_1.15.0.201708311556/tools/compiler/bin/../lib/gcc/arm-none-eabi/6.3.1/thumb/v6-m/crtbegin.o
 .bss           0x20000024      0x12c Middlewares/Third_Party/FreeRTOS/Source/tasks.o
                0x20000124                pxCurrentTCB
 .bss           0x20000150     0x1508 Middlewares/Third_Party/FreeRTOS/Source/portable/MemMang/heap_4.o
 .bss           0x20001658       0x62 Src/transmit.o
                0x20001658                OutputText
                0x200016b4                tempText
                0x200016b9                datasize
 *(.bss*)
 *(COMMON)
 *fill*         0x200016ba        0x2 
 COMMON         0x200016bc        0x4 Drivers/STM32L0xx_HAL_Driver/Src/stm32l0xx_hal.o
                0x200016bc                uwTick
 COMMON         0x200016c0       0x18 Drivers/STM32L0xx_HAL_Driver/Src/stm32l0xx_hal_flash.o
                0x200016c0                pFlash
 COMMON         0x200016d8       0x14 Src/HTS221.o
                0x200016d8                HTS221_CoefStruc
                0x200016e8                HTS221_I2CHander
 COMMON         0x200016ec       0x84 Src/data.o
                0x200016ec                eDBTaskAction
                0x200016f0                EEPROMFifo
                0x200016f2                tempCons
                0x200016f4                databuffer
                0x20001700                huart2
 COMMON         0x20001770       0xd4 Src/main.o
                0x20001770                hirda1
                0x200017ac                defaultTaskHandle
                0x200017b0                dataReadqueue
                0x200017b4                dataWritequeue
                0x200017b8                hi2c1
                0x20001804                os_mailQ_cb_dataReadqueue
                0x20001808                ReadEventCompleteQueue
                0x2000180c                Task1Handle
                0x20001810                hrtc
                0x20001834                dataEventqueue
                0x20001838                Task3Handle
                0x2000183c                Task2Handle
                0x20001840                os_mailQ_cb_dataWritequeue
 COMMON         0x20001844       0xa0 Src/transmit.o
                0x20001844                record
                0x200018e4                . = ALIGN (0x4)
                0x200018e4                _ebss = .
                0x200018e4                __bss_end__ = _ebss

._user_heap_stack
                0x200018e4      0x604 load address 0x08006c9c
                0x200018e8                . = ALIGN (0x8)
 *fill*         0x200018e4        0x4 
                [!provide]                PROVIDE (end, .)
                [!provide]                PROVIDE (_end, .)
                0x20001ae8                . = (. + _Min_Heap_Size)
 *fill*         0x200018e8      0x200 
                0x20001ee8                . = (. + _Min_Stack_Size)
 *fill*         0x20001ae8      0x400 
                0x20001ee8                . = ALIGN (0x8)

/DISCARD/
 libc.a(*)
 libm.a(*)
 libgcc.a(*)

.ARM.attributes
                0x00000000       0x28
 *(.ARM.attributes)
 .ARM.attributes
                0x00000000       0x1e c:/ac6/systemworkbench/plugins/fr.ac6.mcu.externaltools.arm-none.win32_1.15.0.201708311556/tools/compiler/bin/../lib/gcc/arm-none-eabi/6.3.1/thumb/v6-m/crti.o
 .ARM.attributes
                0x0000001e       0x2c c:/ac6/systemworkbench/plugins/fr.ac6.mcu.externaltools.arm-none.win32_1.15.0.201708311556/tools/compiler/bin/../lib/gcc/arm-none-eabi/6.3.1/thumb/v6-m/crtbegin.o
 .ARM.attributes
                0x0000004a       0x32 Drivers/STM32L0xx_HAL_Driver/Src/stm32l0xx_hal.o
 .ARM.attributes
                0x0000007c       0x32 Drivers/STM32L0xx_HAL_Driver/Src/stm32l0xx_hal_cortex.o
 .ARM.attributes
                0x000000ae       0x32 Drivers/STM32L0xx_HAL_Driver/Src/stm32l0xx_hal_flash.o
 .ARM.attributes
                0x000000e0       0x32 Drivers/STM32L0xx_HAL_Driver/Src/stm32l0xx_hal_flash_ex.o
 .ARM.attributes
                0x00000112       0x32 Drivers/STM32L0xx_HAL_Driver/Src/stm32l0xx_hal_gpio.o
 .ARM.attributes
                0x00000144       0x32 Drivers/STM32L0xx_HAL_Driver/Src/stm32l0xx_hal_i2c.o
 .ARM.attributes
                0x00000176       0x32 Drivers/STM32L0xx_HAL_Driver/Src/stm32l0xx_hal_i2c_ex.o
 .ARM.attributes
                0x000001a8       0x32 Drivers/STM32L0xx_HAL_Driver/Src/stm32l0xx_hal_irda.o
 .ARM.attributes
                0x000001da       0x32 Drivers/STM32L0xx_HAL_Driver/Src/stm32l0xx_hal_rcc.o
 .ARM.attributes
                0x0000020c       0x32 Drivers/STM32L0xx_HAL_Driver/Src/stm32l0xx_hal_rcc_ex.o
 .ARM.attributes
                0x0000023e       0x32 Drivers/STM32L0xx_HAL_Driver/Src/stm32l0xx_hal_rtc.o
 .ARM.attributes
                0x00000270       0x32 Drivers/STM32L0xx_HAL_Driver/Src/stm32l0xx_hal_rtc_ex.o
 .ARM.attributes
                0x000002a2       0x32 Drivers/STM32L0xx_HAL_Driver/Src/stm32l0xx_hal_uart.o
 .ARM.attributes
                0x000002d4       0x32 Middlewares/Third_Party/FreeRTOS/Source/CMSIS_RTOS/cmsis_os.o
 .ARM.attributes
                0x00000306       0x32 Middlewares/Third_Party/FreeRTOS/Source/list.o
 .ARM.attributes
                0x00000338       0x32 Middlewares/Third_Party/FreeRTOS/Source/queue.o
 .ARM.attributes
                0x0000036a       0x32 Middlewares/Third_Party/FreeRTOS/Source/tasks.o
 .ARM.attributes
                0x0000039c       0x32 Middlewares/Third_Party/FreeRTOS/Source/portable/GCC/ARM_CM0/port.o
 .ARM.attributes
                0x000003ce       0x32 Middlewares/Third_Party/FreeRTOS/Source/portable/MemMang/heap_4.o
 .ARM.attributes
                0x00000400       0x32 Src/HTS221.o
 .ARM.attributes
                0x00000432       0x32 Src/data.o
 .ARM.attributes
                0x00000464       0x32 Src/main.o
 .ARM.attributes
                0x00000496       0x32 Src/sensor.o
 .ARM.attributes
                0x000004c8       0x32 Src/stm32l0xx_hal_msp.o
 .ARM.attributes
                0x000004fa       0x32 Src/stm32l0xx_it.o
 .ARM.attributes
                0x0000052c       0x32 Src/system_stm32l0xx.o
 .ARM.attributes
                0x0000055e       0x32 Src/transmit.o
 .ARM.attributes
                0x00000590       0x22 startup/startup_stm32l053xx.o
 .ARM.attributes
                0x000005b2       0x1e c:/ac6/systemworkbench/plugins/fr.ac6.mcu.externaltools.arm-none.win32_1.15.0.201708311556/tools/compiler/bin/../lib/gcc/arm-none-eabi/6.3.1/thumb/v6-m\libgcc.a(_udivsi3.o)
 .ARM.attributes
                0x000005d0       0x1e c:/ac6/systemworkbench/plugins/fr.ac6.mcu.externaltools.arm-none.win32_1.15.0.201708311556/tools/compiler/bin/../lib/gcc/arm-none-eabi/6.3.1/thumb/v6-m\libgcc.a(_dvmd_tls.o)
 .ARM.attributes
                0x000005ee       0x1e c:/ac6/systemworkbench/plugins/fr.ac6.mcu.externaltools.arm-none.win32_1.15.0.201708311556/tools/compiler/bin/../lib/gcc/arm-none-eabi/6.3.1/thumb/v6-m\libgcc.a(_aeabi_uldivmod.o)
 .ARM.attributes
                0x0000060c       0x2c c:/ac6/systemworkbench/plugins/fr.ac6.mcu.externaltools.arm-none.win32_1.15.0.201708311556/tools/compiler/bin/../lib/gcc/arm-none-eabi/6.3.1/thumb/v6-m\libgcc.a(_udivmoddi4.o)
 .ARM.attributes
                0x00000638       0x2c c:/ac6/systemworkbench/plugins/fr.ac6.mcu.externaltools.arm-none.win32_1.15.0.201708311556/tools/compiler/bin/../lib/gcc/arm-none-eabi/6.3.1/thumb/v6-m\libgcc.a(fixsfsi.o)
 .ARM.attributes
                0x00000664       0x2c c:/ac6/systemworkbench/plugins/fr.ac6.mcu.externaltools.arm-none.win32_1.15.0.201708311556/tools/compiler/bin/../lib/gcc/arm-none-eabi/6.3.1/thumb/v6-m\libgcc.a(adddf3.o)
 .ARM.attributes
                0x00000690       0x2c c:/ac6/systemworkbench/plugins/fr.ac6.mcu.externaltools.arm-none.win32_1.15.0.201708311556/tools/compiler/bin/../lib/gcc/arm-none-eabi/6.3.1/thumb/v6-m\libgcc.a(divdf3.o)
 .ARM.attributes
                0x000006bc       0x2c c:/ac6/systemworkbench/plugins/fr.ac6.mcu.externaltools.arm-none.win32_1.15.0.201708311556/tools/compiler/bin/../lib/gcc/arm-none-eabi/6.3.1/thumb/v6-m\libgcc.a(muldf3.o)
 .ARM.attributes
                0x000006e8       0x2c c:/ac6/systemworkbench/plugins/fr.ac6.mcu.externaltools.arm-none.win32_1.15.0.201708311556/tools/compiler/bin/../lib/gcc/arm-none-eabi/6.3.1/thumb/v6-m\libgcc.a(subdf3.o)
 .ARM.attributes
                0x00000714       0x2c c:/ac6/systemworkbench/plugins/fr.ac6.mcu.externaltools.arm-none.win32_1.15.0.201708311556/tools/compiler/bin/../lib/gcc/arm-none-eabi/6.3.1/thumb/v6-m\libgcc.a(floatsidf.o)
 .ARM.attributes
                0x00000740       0x2c c:/ac6/systemworkbench/plugins/fr.ac6.mcu.externaltools.arm-none.win32_1.15.0.201708311556/tools/compiler/bin/../lib/gcc/arm-none-eabi/6.3.1/thumb/v6-m\libgcc.a(truncdfsf2.o)
 .ARM.attributes
                0x0000076c       0x1e c:/ac6/systemworkbench/plugins/fr.ac6.mcu.externaltools.arm-none.win32_1.15.0.201708311556/tools/compiler/bin/../lib/gcc/arm-none-eabi/6.3.1/thumb/v6-m\libgcc.a(_clzsi2.o)
 .ARM.attributes
                0x0000078a       0x1e c:/ac6/systemworkbench/plugins/fr.ac6.mcu.externaltools.arm-none.win32_1.15.0.201708311556/tools/compiler/bin/../lib/gcc/arm-none-eabi/6.3.1/thumb/v6-m\libgcc.a(_clzdi2.o)
 .ARM.attributes
                0x000007a8       0x2c c:/ac6/systemworkbench/plugins/fr.ac6.mcu.externaltools.arm-none.win32_1.15.0.201708311556/tools/compiler/bin/../lib/gcc/arm-none-eabi/6.3.1/../../../../arm-none-eabi/lib/thumb/v6-m\libc_nano.a(lib_a-init.o)
 .ARM.attributes
                0x000007d4       0x2c c:/ac6/systemworkbench/plugins/fr.ac6.mcu.externaltools.arm-none.win32_1.15.0.201708311556/tools/compiler/bin/../lib/gcc/arm-none-eabi/6.3.1/../../../../arm-none-eabi/lib/thumb/v6-m\libc_nano.a(lib_a-itoa.o)
 .ARM.attributes
                0x00000800       0x2c c:/ac6/systemworkbench/plugins/fr.ac6.mcu.externaltools.arm-none.win32_1.15.0.201708311556/tools/compiler/bin/../lib/gcc/arm-none-eabi/6.3.1/../../../../arm-none-eabi/lib/thumb/v6-m\libc_nano.a(lib_a-memcpy-stub.o)
 .ARM.attributes
                0x0000082c       0x2c c:/ac6/systemworkbench/plugins/fr.ac6.mcu.externaltools.arm-none.win32_1.15.0.201708311556/tools/compiler/bin/../lib/gcc/arm-none-eabi/6.3.1/../../../../arm-none-eabi/lib/thumb/v6-m\libc_nano.a(lib_a-memset.o)
 .ARM.attributes
                0x00000858       0x2c c:/ac6/systemworkbench/plugins/fr.ac6.mcu.externaltools.arm-none.win32_1.15.0.201708311556/tools/compiler/bin/../lib/gcc/arm-none-eabi/6.3.1/../../../../arm-none-eabi/lib/thumb/v6-m\libc_nano.a(lib_a-strcat.o)
 .ARM.attributes
                0x00000884       0x1c c:/ac6/systemworkbench/plugins/fr.ac6.mcu.externaltools.arm-none.win32_1.15.0.201708311556/tools/compiler/bin/../lib/gcc/arm-none-eabi/6.3.1/../../../../arm-none-eabi/lib/thumb/v6-m\libc_nano.a(lib_a-strlen.o)
 .ARM.attributes
                0x000008a0       0x2c c:/ac6/systemworkbench/plugins/fr.ac6.mcu.externaltools.arm-none.win32_1.15.0.201708311556/tools/compiler/bin/../lib/gcc/arm-none-eabi/6.3.1/../../../../arm-none-eabi/lib/thumb/v6-m\libc_nano.a(lib_a-utoa.o)
 .ARM.attributes
                0x000008cc       0x1e c:/ac6/systemworkbench/plugins/fr.ac6.mcu.externaltools.arm-none.win32_1.15.0.201708311556/tools/compiler/bin/../lib/gcc/arm-none-eabi/6.3.1/thumb/v6-m/crtn.o
OUTPUT(RTOS_IOT.elf elf32-littlearm)

.debug_info     0x00000000    0x25807
 .debug_info    0x00000000      0xfdf Drivers/STM32L0xx_HAL_Driver/Src/stm32l0xx_hal.o
 .debug_info    0x00000fdf     0x111c Drivers/STM32L0xx_HAL_Driver/Src/stm32l0xx_hal_cortex.o
 .debug_info    0x000020fb      0xd8b Drivers/STM32L0xx_HAL_Driver/Src/stm32l0xx_hal_flash.o
 .debug_info    0x00002e86     0x13e6 Drivers/STM32L0xx_HAL_Driver/Src/stm32l0xx_hal_flash_ex.o
 .debug_info    0x0000426c      0xeee Drivers/STM32L0xx_HAL_Driver/Src/stm32l0xx_hal_gpio.o
 .debug_info    0x0000515a     0x39b4 Drivers/STM32L0xx_HAL_Driver/Src/stm32l0xx_hal_i2c.o
 .debug_info    0x00008b0e     0x10c7 Drivers/STM32L0xx_HAL_Driver/Src/stm32l0xx_hal_i2c_ex.o
 .debug_info    0x00009bd5     0x1d93 Drivers/STM32L0xx_HAL_Driver/Src/stm32l0xx_hal_irda.o
 .debug_info    0x0000b968     0x138a Drivers/STM32L0xx_HAL_Driver/Src/stm32l0xx_hal_rcc.o
 .debug_info    0x0000ccf2     0x1130 Drivers/STM32L0xx_HAL_Driver/Src/stm32l0xx_hal_rcc_ex.o
 .debug_info    0x0000de22     0x1595 Drivers/STM32L0xx_HAL_Driver/Src/stm32l0xx_hal_rtc.o
 .debug_info    0x0000f3b7     0x1798 Drivers/STM32L0xx_HAL_Driver/Src/stm32l0xx_hal_rtc_ex.o
 .debug_info    0x00010b4f     0x2218 Drivers/STM32L0xx_HAL_Driver/Src/stm32l0xx_hal_uart.o
 .debug_info    0x00012d67     0x2302 Middlewares/Third_Party/FreeRTOS/Source/CMSIS_RTOS/cmsis_os.o
 .debug_info    0x00015069      0xad4 Middlewares/Third_Party/FreeRTOS/Source/list.o
 .debug_info    0x00015b3d     0x1b1d Middlewares/Third_Party/FreeRTOS/Source/queue.o
 .debug_info    0x0001765a     0x23d9 Middlewares/Third_Party/FreeRTOS/Source/tasks.o
 .debug_info    0x00019a33      0x2b0 Middlewares/Third_Party/FreeRTOS/Source/portable/GCC/ARM_CM0/port.o
 .debug_info    0x00019ce3      0xbae Middlewares/Third_Party/FreeRTOS/Source/portable/MemMang/heap_4.o
 .debug_info    0x0001a891     0x141a Src/HTS221.o
 .debug_info    0x0001bcab     0x1847 Src/data.o
 .debug_info    0x0001d4f2     0x2545 Src/main.o
 .debug_info    0x0001fa37     0x17bd Src/sensor.o
 .debug_info    0x000211f4     0x1a02 Src/stm32l0xx_hal_msp.o
 .debug_info    0x00022bf6      0x97c Src/stm32l0xx_it.o
 .debug_info    0x00023572      0xbb2 Src/system_stm32l0xx.o
 .debug_info    0x00024124     0x166c Src/transmit.o
 .debug_info    0x00025790       0x77 startup/startup_stm32l053xx.o

.debug_abbrev   0x00000000     0x4a3b
 .debug_abbrev  0x00000000      0x2e3 Drivers/STM32L0xx_HAL_Driver/Src/stm32l0xx_hal.o
 .debug_abbrev  0x000002e3      0x326 Drivers/STM32L0xx_HAL_Driver/Src/stm32l0xx_hal_cortex.o
 .debug_abbrev  0x00000609      0x309 Drivers/STM32L0xx_HAL_Driver/Src/stm32l0xx_hal_flash.o
 .debug_abbrev  0x00000912      0x319 Drivers/STM32L0xx_HAL_Driver/Src/stm32l0xx_hal_flash_ex.o
 .debug_abbrev  0x00000c2b      0x28d Drivers/STM32L0xx_HAL_Driver/Src/stm32l0xx_hal_gpio.o
 .debug_abbrev  0x00000eb8      0x2dd Drivers/STM32L0xx_HAL_Driver/Src/stm32l0xx_hal_i2c.o
 .debug_abbrev  0x00001195      0x24c Drivers/STM32L0xx_HAL_Driver/Src/stm32l0xx_hal_i2c_ex.o
 .debug_abbrev  0x000013e1      0x328 Drivers/STM32L0xx_HAL_Driver/Src/stm32l0xx_hal_irda.o
 .debug_abbrev  0x00001709      0x313 Drivers/STM32L0xx_HAL_Driver/Src/stm32l0xx_hal_rcc.o
 .debug_abbrev  0x00001a1c      0x2bd Drivers/STM32L0xx_HAL_Driver/Src/stm32l0xx_hal_rcc_ex.o
 .debug_abbrev  0x00001cd9      0x2b5 Drivers/STM32L0xx_HAL_Driver/Src/stm32l0xx_hal_rtc.o
 .debug_abbrev  0x00001f8e      0x2b5 Drivers/STM32L0xx_HAL_Driver/Src/stm32l0xx_hal_rtc_ex.o
 .debug_abbrev  0x00002243      0x31f Drivers/STM32L0xx_HAL_Driver/Src/stm32l0xx_hal_uart.o
 .debug_abbrev  0x00002562      0x3b4 Middlewares/Third_Party/FreeRTOS/Source/CMSIS_RTOS/cmsis_os.o
 .debug_abbrev  0x00002916      0x21c Middlewares/Third_Party/FreeRTOS/Source/list.o
 .debug_abbrev  0x00002b32      0x2f7 Middlewares/Third_Party/FreeRTOS/Source/queue.o
 .debug_abbrev  0x00002e29      0x32b Middlewares/Third_Party/FreeRTOS/Source/tasks.o
 .debug_abbrev  0x00003154      0x197 Middlewares/Third_Party/FreeRTOS/Source/portable/GCC/ARM_CM0/port.o
 .debug_abbrev  0x000032eb      0x2c8 Middlewares/Third_Party/FreeRTOS/Source/portable/MemMang/heap_4.o
 .debug_abbrev  0x000035b3      0x2d1 Src/HTS221.o
 .debug_abbrev  0x00003884      0x323 Src/data.o
 .debug_abbrev  0x00003ba7      0x2ec Src/main.o
 .debug_abbrev  0x00003e93      0x297 Src/sensor.o
 .debug_abbrev  0x0000412a      0x245 Src/stm32l0xx_hal_msp.o
 .debug_abbrev  0x0000436f      0x1c8 Src/stm32l0xx_it.o
 .debug_abbrev  0x00004537      0x205 Src/system_stm32l0xx.o
 .debug_abbrev  0x0000473c      0x2ed Src/transmit.o
 .debug_abbrev  0x00004a29       0x12 startup/startup_stm32l053xx.o

.debug_loc      0x00000000     0xf597
 .debug_loc     0x00000000       0xac Drivers/STM32L0xx_HAL_Driver/Src/stm32l0xx_hal.o
 .debug_loc     0x000000ac      0x393 Drivers/STM32L0xx_HAL_Driver/Src/stm32l0xx_hal_cortex.o
 .debug_loc     0x0000043f      0x22e Drivers/STM32L0xx_HAL_Driver/Src/stm32l0xx_hal_flash.o
 .debug_loc     0x0000066d      0xa31 Drivers/STM32L0xx_HAL_Driver/Src/stm32l0xx_hal_flash_ex.o
 .debug_loc     0x0000109e      0x2a5 Drivers/STM32L0xx_HAL_Driver/Src/stm32l0xx_hal_gpio.o
 .debug_loc     0x00001343     0x39df Drivers/STM32L0xx_HAL_Driver/Src/stm32l0xx_hal_i2c.o
 .debug_loc     0x00004d22      0x245 Drivers/STM32L0xx_HAL_Driver/Src/stm32l0xx_hal_i2c_ex.o
 .debug_loc     0x00004f67     0x1381 Drivers/STM32L0xx_HAL_Driver/Src/stm32l0xx_hal_irda.o
 .debug_loc     0x000062e8      0x5c1 Drivers/STM32L0xx_HAL_Driver/Src/stm32l0xx_hal_rcc.o
 .debug_loc     0x000068a9      0xa1b Drivers/STM32L0xx_HAL_Driver/Src/stm32l0xx_hal_rcc_ex.o
 .debug_loc     0x000072c4      0xc37 Drivers/STM32L0xx_HAL_Driver/Src/stm32l0xx_hal_rtc.o
 .debug_loc     0x00007efb      0xe78 Drivers/STM32L0xx_HAL_Driver/Src/stm32l0xx_hal_rtc_ex.o
 .debug_loc     0x00008d73     0x1a54 Drivers/STM32L0xx_HAL_Driver/Src/stm32l0xx_hal_uart.o
 .debug_loc     0x0000a7c7     0x1171 Middlewares/Third_Party/FreeRTOS/Source/CMSIS_RTOS/cmsis_os.o
 .debug_loc     0x0000b938       0x70 Middlewares/Third_Party/FreeRTOS/Source/list.o
 .debug_loc     0x0000b9a8     0x142f Middlewares/Third_Party/FreeRTOS/Source/queue.o
 .debug_loc     0x0000cdd7     0x17fa Middlewares/Third_Party/FreeRTOS/Source/tasks.o
 .debug_loc     0x0000e5d1       0xa6 Middlewares/Third_Party/FreeRTOS/Source/portable/GCC/ARM_CM0/port.o
 .debug_loc     0x0000e677      0x29d Middlewares/Third_Party/FreeRTOS/Source/portable/MemMang/heap_4.o
 .debug_loc     0x0000e914      0x348 Src/HTS221.o
 .debug_loc     0x0000ec5c      0x465 Src/data.o
 .debug_loc     0x0000f0c1       0x21 Src/main.o
 .debug_loc     0x0000f0e2       0x97 Src/sensor.o
 .debug_loc     0x0000f179      0x15c Src/stm32l0xx_hal_msp.o
 .debug_loc     0x0000f2d5      0x1cf Src/system_stm32l0xx.o
 .debug_loc     0x0000f4a4       0xf3 Src/transmit.o

.debug_aranges  0x00000000     0x1418
 .debug_aranges
                0x00000000       0xe0 Drivers/STM32L0xx_HAL_Driver/Src/stm32l0xx_hal.o
 .debug_aranges
                0x000000e0       0x80 Drivers/STM32L0xx_HAL_Driver/Src/stm32l0xx_hal_cortex.o
 .debug_aranges
                0x00000160       0x80 Drivers/STM32L0xx_HAL_Driver/Src/stm32l0xx_hal_flash.o
 .debug_aranges
                0x000001e0       0xe0 Drivers/STM32L0xx_HAL_Driver/Src/stm32l0xx_hal_flash_ex.o
 .debug_aranges
                0x000002c0       0x58 Drivers/STM32L0xx_HAL_Driver/Src/stm32l0xx_hal_gpio.o
 .debug_aranges
                0x00000318      0x260 Drivers/STM32L0xx_HAL_Driver/Src/stm32l0xx_hal_i2c.o
 .debug_aranges
                0x00000578       0x48 Drivers/STM32L0xx_HAL_Driver/Src/stm32l0xx_hal_i2c_ex.o
 .debug_aranges
                0x000005c0      0x198 Drivers/STM32L0xx_HAL_Driver/Src/stm32l0xx_hal_irda.o
 .debug_aranges
                0x00000758       0x88 Drivers/STM32L0xx_HAL_Driver/Src/stm32l0xx_hal_rcc.o
 .debug_aranges
                0x000007e0       0xb0 Drivers/STM32L0xx_HAL_Driver/Src/stm32l0xx_hal_rcc_ex.o
 .debug_aranges
                0x00000890       0xb8 Drivers/STM32L0xx_HAL_Driver/Src/stm32l0xx_hal_rtc.o
 .debug_aranges
                0x00000948      0x120 Drivers/STM32L0xx_HAL_Driver/Src/stm32l0xx_hal_rtc_ex.o
 .debug_aranges
                0x00000a68      0x1e8 Drivers/STM32L0xx_HAL_Driver/Src/stm32l0xx_hal_uart.o
 .debug_aranges
                0x00000c50      0x1d8 Middlewares/Third_Party/FreeRTOS/Source/CMSIS_RTOS/cmsis_os.o
 .debug_aranges
                0x00000e28       0x40 Middlewares/Third_Party/FreeRTOS/Source/list.o
 .debug_aranges
                0x00000e68       0xe0 Middlewares/Third_Party/FreeRTOS/Source/queue.o
 .debug_aranges
                0x00000f48      0x190 Middlewares/Third_Party/FreeRTOS/Source/tasks.o
 .debug_aranges
                0x000010d8       0x88 Middlewares/Third_Party/FreeRTOS/Source/portable/GCC/ARM_CM0/port.o
 .debug_aranges
                0x00001160       0x50 Middlewares/Third_Party/FreeRTOS/Source/portable/MemMang/heap_4.o
 .debug_aranges
                0x000011b0       0x68 Src/HTS221.o
 .debug_aranges
                0x00001218       0x68 Src/data.o
 .debug_aranges
                0x00001280       0x68 Src/main.o
 .debug_aranges
                0x000012e8       0x30 Src/sensor.o
 .debug_aranges
                0x00001318       0x60 Src/stm32l0xx_hal_msp.o
 .debug_aranges
                0x00001378       0x20 Src/stm32l0xx_it.o
 .debug_aranges
                0x00001398       0x28 Src/system_stm32l0xx.o
 .debug_aranges
                0x000013c0       0x30 Src/transmit.o
 .debug_aranges
                0x000013f0       0x28 startup/startup_stm32l053xx.o

.debug_ranges   0x00000000     0x1440
 .debug_ranges  0x00000000       0xd0 Drivers/STM32L0xx_HAL_Driver/Src/stm32l0xx_hal.o
 .debug_ranges  0x000000d0       0xb8 Drivers/STM32L0xx_HAL_Driver/Src/stm32l0xx_hal_cortex.o
 .debug_ranges  0x00000188       0x70 Drivers/STM32L0xx_HAL_Driver/Src/stm32l0xx_hal_flash.o
 .debug_ranges  0x000001f8       0xd0 Drivers/STM32L0xx_HAL_Driver/Src/stm32l0xx_hal_flash_ex.o
 .debug_ranges  0x000002c8       0x48 Drivers/STM32L0xx_HAL_Driver/Src/stm32l0xx_hal_gpio.o
 .debug_ranges  0x00000310      0x250 Drivers/STM32L0xx_HAL_Driver/Src/stm32l0xx_hal_i2c.o
 .debug_ranges  0x00000560       0x38 Drivers/STM32L0xx_HAL_Driver/Src/stm32l0xx_hal_i2c_ex.o
 .debug_ranges  0x00000598      0x188 Drivers/STM32L0xx_HAL_Driver/Src/stm32l0xx_hal_irda.o
 .debug_ranges  0x00000720       0xa8 Drivers/STM32L0xx_HAL_Driver/Src/stm32l0xx_hal_rcc.o
 .debug_ranges  0x000007c8       0xb8 Drivers/STM32L0xx_HAL_Driver/Src/stm32l0xx_hal_rcc_ex.o
 .debug_ranges  0x00000880       0xa8 Drivers/STM32L0xx_HAL_Driver/Src/stm32l0xx_hal_rtc.o
 .debug_ranges  0x00000928      0x110 Drivers/STM32L0xx_HAL_Driver/Src/stm32l0xx_hal_rtc_ex.o
 .debug_ranges  0x00000a38      0x1d8 Drivers/STM32L0xx_HAL_Driver/Src/stm32l0xx_hal_uart.o
 .debug_ranges  0x00000c10      0x1c8 Middlewares/Third_Party/FreeRTOS/Source/CMSIS_RTOS/cmsis_os.o
 .debug_ranges  0x00000dd8       0x30 Middlewares/Third_Party/FreeRTOS/Source/list.o
 .debug_ranges  0x00000e08      0x180 Middlewares/Third_Party/FreeRTOS/Source/queue.o
 .debug_ranges  0x00000f88      0x220 Middlewares/Third_Party/FreeRTOS/Source/tasks.o
 .debug_ranges  0x000011a8       0x78 Middlewares/Third_Party/FreeRTOS/Source/portable/GCC/ARM_CM0/port.o
 .debug_ranges  0x00001220       0x40 Middlewares/Third_Party/FreeRTOS/Source/portable/MemMang/heap_4.o
 .debug_ranges  0x00001260       0x58 Src/HTS221.o
 .debug_ranges  0x000012b8       0x58 Src/data.o
 .debug_ranges  0x00001310       0x58 Src/main.o
 .debug_ranges  0x00001368       0x20 Src/sensor.o
 .debug_ranges  0x00001388       0x50 Src/stm32l0xx_hal_msp.o
 .debug_ranges  0x000013d8       0x10 Src/stm32l0xx_it.o
 .debug_ranges  0x000013e8       0x18 Src/system_stm32l0xx.o
 .debug_ranges  0x00001400       0x20 Src/transmit.o
 .debug_ranges  0x00001420       0x20 startup/startup_stm32l053xx.o

.debug_macro    0x00000000    0x189ce
 .debug_macro   0x00000000      0x34b Drivers/STM32L0xx_HAL_Driver/Src/stm32l0xx_hal.o
 .debug_macro   0x0000034b      0x8aa Drivers/STM32L0xx_HAL_Driver/Src/stm32l0xx_hal.o
 .debug_macro   0x00000bf5       0x58 Drivers/STM32L0xx_HAL_Driver/Src/stm32l0xx_hal.o
 .debug_macro   0x00000c4d       0xa3 Drivers/STM32L0xx_HAL_Driver/Src/stm32l0xx_hal.o
 .debug_macro   0x00000cf0       0x2e Drivers/STM32L0xx_HAL_Driver/Src/stm32l0xx_hal.o
 .debug_macro   0x00000d1e       0x28 Drivers/STM32L0xx_HAL_Driver/Src/stm32l0xx_hal.o
 .debug_macro   0x00000d46       0x22 Drivers/STM32L0xx_HAL_Driver/Src/stm32l0xx_hal.o
 .debug_macro   0x00000d68       0x87 Drivers/STM32L0xx_HAL_Driver/Src/stm32l0xx_hal.o
 .debug_macro   0x00000def       0x51 Drivers/STM32L0xx_HAL_Driver/Src/stm32l0xx_hal.o
 .debug_macro   0x00000e40       0xef Drivers/STM32L0xx_HAL_Driver/Src/stm32l0xx_hal.o
 .debug_macro   0x00000f2f       0x6a Drivers/STM32L0xx_HAL_Driver/Src/stm32l0xx_hal.o
 .debug_macro   0x00000f99      0x1df Drivers/STM32L0xx_HAL_Driver/Src/stm32l0xx_hal.o
 .debug_macro   0x00001178       0x34 Drivers/STM32L0xx_HAL_Driver/Src/stm32l0xx_hal.o
 .debug_macro   0x000011ac       0x26 Drivers/STM32L0xx_HAL_Driver/Src/stm32l0xx_hal.o
 .debug_macro   0x000011d2      0x44f Drivers/STM32L0xx_HAL_Driver/Src/stm32l0xx_hal.o
 .debug_macro   0x00001621     0x9cc0 Drivers/STM32L0xx_HAL_Driver/Src/stm32l0xx_hal.o
 .debug_macro   0x0000b2e1       0x3c Drivers/STM32L0xx_HAL_Driver/Src/stm32l0xx_hal.o
 .debug_macro   0x0000b31d     0x3455 Drivers/STM32L0xx_HAL_Driver/Src/stm32l0xx_hal.o
 .debug_macro   0x0000e772       0x58 Drivers/STM32L0xx_HAL_Driver/Src/stm32l0xx_hal.o
 .debug_macro   0x0000e7ca       0x35 Drivers/STM32L0xx_HAL_Driver/Src/stm32l0xx_hal.o
 .debug_macro   0x0000e7ff       0x9c Drivers/STM32L0xx_HAL_Driver/Src/stm32l0xx_hal.o
 .debug_macro   0x0000e89b       0x16 Drivers/STM32L0xx_HAL_Driver/Src/stm32l0xx_hal.o
 .debug_macro   0x0000e8b1       0x97 Drivers/STM32L0xx_HAL_Driver/Src/stm32l0xx_hal.o
 .debug_macro   0x0000e948      0x330 Drivers/STM32L0xx_HAL_Driver/Src/stm32l0xx_hal.o
 .debug_macro   0x0000ec78       0xfd Drivers/STM32L0xx_HAL_Driver/Src/stm32l0xx_hal.o
 .debug_macro   0x0000ed75       0x10 Drivers/STM32L0xx_HAL_Driver/Src/stm32l0xx_hal.o
 .debug_macro   0x0000ed85       0x58 Drivers/STM32L0xx_HAL_Driver/Src/stm32l0xx_hal.o
 .debug_macro   0x0000eddd       0x1f Drivers/STM32L0xx_HAL_Driver/Src/stm32l0xx_hal.o
 .debug_macro   0x0000edfc       0x43 Drivers/STM32L0xx_HAL_Driver/Src/stm32l0xx_hal.o
 .debug_macro   0x0000ee3f       0x20 Drivers/STM32L0xx_HAL_Driver/Src/stm32l0xx_hal.o
 .debug_macro   0x0000ee5f      0x187 Drivers/STM32L0xx_HAL_Driver/Src/stm32l0xx_hal.o
 .debug_macro   0x0000efe6       0x10 Drivers/STM32L0xx_HAL_Driver/Src/stm32l0xx_hal.o
 .debug_macro   0x0000eff6       0x1c Drivers/STM32L0xx_HAL_Driver/Src/stm32l0xx_hal.o
 .debug_macro   0x0000f012       0x52 Drivers/STM32L0xx_HAL_Driver/Src/stm32l0xx_hal.o
 .debug_macro   0x0000f064       0x40 Drivers/STM32L0xx_HAL_Driver/Src/stm32l0xx_hal.o
 .debug_macro   0x0000f0a4       0x10 Drivers/STM32L0xx_HAL_Driver/Src/stm32l0xx_hal.o
 .debug_macro   0x0000f0b4       0x40 Drivers/STM32L0xx_HAL_Driver/Src/stm32l0xx_hal.o
 .debug_macro   0x0000f0f4       0xd7 Drivers/STM32L0xx_HAL_Driver/Src/stm32l0xx_hal.o
 .debug_macro   0x0000f1cb       0x16 Drivers/STM32L0xx_HAL_Driver/Src/stm32l0xx_hal.o
 .debug_macro   0x0000f1e1      0x18b Drivers/STM32L0xx_HAL_Driver/Src/stm32l0xx_hal.o
 .debug_macro   0x0000f36c       0x50 Drivers/STM32L0xx_HAL_Driver/Src/stm32l0xx_hal.o
 .debug_macro   0x0000f3bc      0x8e0 Drivers/STM32L0xx_HAL_Driver/Src/stm32l0xx_hal.o
 .debug_macro   0x0000fc9c      0x9d4 Drivers/STM32L0xx_HAL_Driver/Src/stm32l0xx_hal.o
 .debug_macro   0x00010670      0x14b Drivers/STM32L0xx_HAL_Driver/Src/stm32l0xx_hal.o
 .debug_macro   0x000107bb      0x184 Drivers/STM32L0xx_HAL_Driver/Src/stm32l0xx_hal.o
 .debug_macro   0x0001093f      0x279 Drivers/STM32L0xx_HAL_Driver/Src/stm32l0xx_hal.o
 .debug_macro   0x00010bb8      0x1ed Drivers/STM32L0xx_HAL_Driver/Src/stm32l0xx_hal.o
 .debug_macro   0x00010da5      0x128 Drivers/STM32L0xx_HAL_Driver/Src/stm32l0xx_hal.o
 .debug_macro   0x00010ecd      0x2b6 Drivers/STM32L0xx_HAL_Driver/Src/stm32l0xx_hal.o
 .debug_macro   0x00011183      0x202 Drivers/STM32L0xx_HAL_Driver/Src/stm32l0xx_hal.o
 .debug_macro   0x00011385       0x5b Drivers/STM32L0xx_HAL_Driver/Src/stm32l0xx_hal.o
 .debug_macro   0x000113e0       0x90 Drivers/STM32L0xx_HAL_Driver/Src/stm32l0xx_hal.o
 .debug_macro   0x00011470      0x187 Drivers/STM32L0xx_HAL_Driver/Src/stm32l0xx_hal.o
 .debug_macro   0x000115f7       0x16 Drivers/STM32L0xx_HAL_Driver/Src/stm32l0xx_hal.o
 .debug_macro   0x0001160d      0x30c Drivers/STM32L0xx_HAL_Driver/Src/stm32l0xx_hal.o
 .debug_macro   0x00011919      0x3f1 Drivers/STM32L0xx_HAL_Driver/Src/stm32l0xx_hal.o
 .debug_macro   0x00011d0a       0xdd Drivers/STM32L0xx_HAL_Driver/Src/stm32l0xx_hal.o
 .debug_macro   0x00011de7      0x54a Drivers/STM32L0xx_HAL_Driver/Src/stm32l0xx_hal.o
 .debug_macro   0x00012331       0x44 Drivers/STM32L0xx_HAL_Driver/Src/stm32l0xx_hal.o
 .debug_macro   0x00012375      0x280 Drivers/STM32L0xx_HAL_Driver/Src/stm32l0xx_hal.o
 .debug_macro   0x000125f5       0x10 Drivers/STM32L0xx_HAL_Driver/Src/stm32l0xx_hal.o
 .debug_macro   0x00012605      0x165 Drivers/STM32L0xx_HAL_Driver/Src/stm32l0xx_hal.o
 .debug_macro   0x0001276a      0x327 Drivers/STM32L0xx_HAL_Driver/Src/stm32l0xx_hal_cortex.o
 .debug_macro   0x00012a91      0x328 Drivers/STM32L0xx_HAL_Driver/Src/stm32l0xx_hal_flash.o
 .debug_macro   0x00012db9      0x327 Drivers/STM32L0xx_HAL_Driver/Src/stm32l0xx_hal_flash_ex.o
 .debug_macro   0x000130e0      0x35f Drivers/STM32L0xx_HAL_Driver/Src/stm32l0xx_hal_gpio.o
 .debug_macro   0x0001343f      0x3f3 Drivers/STM32L0xx_HAL_Driver/Src/stm32l0xx_hal_i2c.o
 .debug_macro   0x00013832      0x327 Drivers/STM32L0xx_HAL_Driver/Src/stm32l0xx_hal_i2c_ex.o
 .debug_macro   0x00013b59      0x336 Drivers/STM32L0xx_HAL_Driver/Src/stm32l0xx_hal_irda.o
 .debug_macro   0x00013e8f      0x375 Drivers/STM32L0xx_HAL_Driver/Src/stm32l0xx_hal_rcc.o
 .debug_macro   0x00014204      0x339 Drivers/STM32L0xx_HAL_Driver/Src/stm32l0xx_hal_rcc_ex.o
 .debug_macro   0x0001453d      0x327 Drivers/STM32L0xx_HAL_Driver/Src/stm32l0xx_hal_rtc.o
 .debug_macro   0x00014864      0x327 Drivers/STM32L0xx_HAL_Driver/Src/stm32l0xx_hal_rtc_ex.o
 .debug_macro   0x00014b8b      0x339 Drivers/STM32L0xx_HAL_Driver/Src/stm32l0xx_hal_uart.o
 .debug_macro   0x00014ec4      0x1f3 Middlewares/Third_Party/FreeRTOS/Source/CMSIS_RTOS/cmsis_os.o
 .debug_macro   0x000150b7       0x52 Middlewares/Third_Party/FreeRTOS/Source/CMSIS_RTOS/cmsis_os.o
 .debug_macro   0x00015109       0x8d Middlewares/Third_Party/FreeRTOS/Source/CMSIS_RTOS/cmsis_os.o
 .debug_macro   0x00015196      0x174 Middlewares/Third_Party/FreeRTOS/Source/CMSIS_RTOS/cmsis_os.o
 .debug_macro   0x0001530a       0x57 Middlewares/Third_Party/FreeRTOS/Source/CMSIS_RTOS/cmsis_os.o
 .debug_macro   0x00015361       0x10 Middlewares/Third_Party/FreeRTOS/Source/CMSIS_RTOS/cmsis_os.o
 .debug_macro   0x00015371       0x35 Middlewares/Third_Party/FreeRTOS/Source/CMSIS_RTOS/cmsis_os.o
 .debug_macro   0x000153a6       0xcc Middlewares/Third_Party/FreeRTOS/Source/CMSIS_RTOS/cmsis_os.o
 .debug_macro   0x00015472      0x168 Middlewares/Third_Party/FreeRTOS/Source/CMSIS_RTOS/cmsis_os.o
 .debug_macro   0x000155da       0xb6 Middlewares/Third_Party/FreeRTOS/Source/CMSIS_RTOS/cmsis_os.o
 .debug_macro   0x00015690       0x10 Middlewares/Third_Party/FreeRTOS/Source/CMSIS_RTOS/cmsis_os.o
 .debug_macro   0x000156a0       0x1f Middlewares/Third_Party/FreeRTOS/Source/CMSIS_RTOS/cmsis_os.o
 .debug_macro   0x000156bf      0x41d Middlewares/Third_Party/FreeRTOS/Source/CMSIS_RTOS/cmsis_os.o
 .debug_macro   0x00015adc       0xc0 Middlewares/Third_Party/FreeRTOS/Source/CMSIS_RTOS/cmsis_os.o
 .debug_macro   0x00015b9c       0x8c Middlewares/Third_Party/FreeRTOS/Source/CMSIS_RTOS/cmsis_os.o
 .debug_macro   0x00015c28       0x91 Middlewares/Third_Party/FreeRTOS/Source/CMSIS_RTOS/cmsis_os.o
 .debug_macro   0x00015cb9       0x94 Middlewares/Third_Party/FreeRTOS/Source/CMSIS_RTOS/cmsis_os.o
 .debug_macro   0x00015d4d       0x63 Middlewares/Third_Party/FreeRTOS/Source/CMSIS_RTOS/cmsis_os.o
 .debug_macro   0x00015db0       0x19 Middlewares/Third_Party/FreeRTOS/Source/CMSIS_RTOS/cmsis_os.o
 .debug_macro   0x00015dc9       0xcf Middlewares/Third_Party/FreeRTOS/Source/CMSIS_RTOS/cmsis_os.o
 .debug_macro   0x00015e98      0x18b Middlewares/Third_Party/FreeRTOS/Source/list.o
 .debug_macro   0x00016023      0x207 Middlewares/Third_Party/FreeRTOS/Source/queue.o
 .debug_macro   0x0001622a       0x16 Middlewares/Third_Party/FreeRTOS/Source/queue.o
 .debug_macro   0x00016240      0x271 Middlewares/Third_Party/FreeRTOS/Source/tasks.o
 .debug_macro   0x000164b1       0x11 Middlewares/Third_Party/FreeRTOS/Source/tasks.o
 .debug_macro   0x000164c2      0x14c Middlewares/Third_Party/FreeRTOS/Source/portable/GCC/ARM_CM0/port.o
 .debug_macro   0x0001660e      0x1b2 Middlewares/Third_Party/FreeRTOS/Source/portable/MemMang/heap_4.o
 .debug_macro   0x000167c0      0x3fd Src/HTS221.o
 .debug_macro   0x00016bbd       0x22 Src/HTS221.o
 .debug_macro   0x00016bdf       0xa9 Src/HTS221.o
 .debug_macro   0x00016c88       0x3a Src/HTS221.o
 .debug_macro   0x00016cc2      0x15a Src/HTS221.o
 .debug_macro   0x00016e1c      0x3f5 Src/data.o
 .debug_macro   0x00017211       0x1c Src/data.o
 .debug_macro   0x0001722d       0x10 Src/data.o
 .debug_macro   0x0001723d      0x40b Src/main.o
 .debug_macro   0x00017648      0x411 Src/sensor.o
 .debug_macro   0x00017a59      0x327 Src/stm32l0xx_hal_msp.o
 .debug_macro   0x00017d80      0x3e5 Src/stm32l0xx_it.o
 .debug_macro   0x00018165       0xd2 Src/stm32l0xx_it.o
 .debug_macro   0x00018237      0x32d Src/system_stm32l0xx.o
 .debug_macro   0x00018564      0x44e Src/transmit.o
 .debug_macro   0x000189b2       0x1c Src/transmit.o

.debug_line     0x00000000    0x13457
 .debug_line    0x00000000      0xa06 Drivers/STM32L0xx_HAL_Driver/Src/stm32l0xx_hal.o
 .debug_line    0x00000a06      0x9cf Drivers/STM32L0xx_HAL_Driver/Src/stm32l0xx_hal_cortex.o
 .debug_line    0x000013d5      0x9f8 Drivers/STM32L0xx_HAL_Driver/Src/stm32l0xx_hal_flash.o
 .debug_line    0x00001dcd      0xb24 Drivers/STM32L0xx_HAL_Driver/Src/stm32l0xx_hal_flash_ex.o
 .debug_line    0x000028f1      0x993 Drivers/STM32L0xx_HAL_Driver/Src/stm32l0xx_hal_gpio.o
 .debug_line    0x00003284     0x19b1 Drivers/STM32L0xx_HAL_Driver/Src/stm32l0xx_hal_i2c.o
 .debug_line    0x00004c35      0x989 Drivers/STM32L0xx_HAL_Driver/Src/stm32l0xx_hal_i2c_ex.o
 .debug_line    0x000055be     0x10b0 Drivers/STM32L0xx_HAL_Driver/Src/stm32l0xx_hal_irda.o
 .debug_line    0x0000666e      0xb20 Drivers/STM32L0xx_HAL_Driver/Src/stm32l0xx_hal_rcc.o
 .debug_line    0x0000718e      0xb40 Drivers/STM32L0xx_HAL_Driver/Src/stm32l0xx_hal_rcc_ex.o
 .debug_line    0x00007cce      0xbed Drivers/STM32L0xx_HAL_Driver/Src/stm32l0xx_hal_rtc.o
 .debug_line    0x000088bb      0xe6e Drivers/STM32L0xx_HAL_Driver/Src/stm32l0xx_hal_rtc_ex.o
 .debug_line    0x00009729     0x1349 Drivers/STM32L0xx_HAL_Driver/Src/stm32l0xx_hal_uart.o
 .debug_line    0x0000aa72      0xbc0 Middlewares/Third_Party/FreeRTOS/Source/CMSIS_RTOS/cmsis_os.o
 .debug_line    0x0000b632      0x588 Middlewares/Third_Party/FreeRTOS/Source/list.o
 .debug_line    0x0000bbba      0xa15 Middlewares/Third_Party/FreeRTOS/Source/queue.o
 .debug_line    0x0000c5cf      0xe3f Middlewares/Third_Party/FreeRTOS/Source/tasks.o
 .debug_line    0x0000d40e      0x5bb Middlewares/Third_Party/FreeRTOS/Source/portable/GCC/ARM_CM0/port.o
 .debug_line    0x0000d9c9      0x636 Middlewares/Third_Party/FreeRTOS/Source/portable/MemMang/heap_4.o
 .debug_line    0x0000dfff      0xb1b Src/HTS221.o
 .debug_line    0x0000eb1a      0xb6b Src/data.o
 .debug_line    0x0000f685      0xb92 Src/main.o
 .debug_line    0x00010217      0xaa8 Src/sensor.o
 .debug_line    0x00010cbf      0x905 Src/stm32l0xx_hal_msp.o
 .debug_line    0x000115c4      0xa3f Src/stm32l0xx_it.o
 .debug_line    0x00012003      0x864 Src/system_stm32l0xx.o
 .debug_line    0x00012867      0xb6d Src/transmit.o
 .debug_line    0x000133d4       0x83 startup/startup_stm32l053xx.o

.debug_str      0x00000000    0x87150
 .debug_str     0x00000000    0x7aaa8 Drivers/STM32L0xx_HAL_Driver/Src/stm32l0xx_hal.o
                              0x7af0a (size before relaxing)
 .debug_str     0x0007aaa8      0x285 Drivers/STM32L0xx_HAL_Driver/Src/stm32l0xx_hal_cortex.o
                              0x7ad1a (size before relaxing)
 .debug_str     0x0007ad2d      0x23e Drivers/STM32L0xx_HAL_Driver/Src/stm32l0xx_hal_flash.o
                              0x7aacf (size before relaxing)
 .debug_str     0x0007af6b      0x39f Drivers/STM32L0xx_HAL_Driver/Src/stm32l0xx_hal_flash_ex.o
                              0x7ad9d (size before relaxing)
 .debug_str     0x0007b30a      0x2b6 Drivers/STM32L0xx_HAL_Driver/Src/stm32l0xx_hal_gpio.o
                              0x7abbf (size before relaxing)
 .debug_str     0x0007b5c0     0x1170 Drivers/STM32L0xx_HAL_Driver/Src/stm32l0xx_hal_i2c.o
                              0x7ba6c (size before relaxing)
 .debug_str     0x0007c730       0xb8 Drivers/STM32L0xx_HAL_Driver/Src/stm32l0xx_hal_i2c_ex.o
                              0x7ae7a (size before relaxing)
 .debug_str     0x0007c7e8      0x775 Drivers/STM32L0xx_HAL_Driver/Src/stm32l0xx_hal_irda.o
                              0x7b2bb (size before relaxing)
 .debug_str     0x0007cf5d      0x4c7 Drivers/STM32L0xx_HAL_Driver/Src/stm32l0xx_hal_rcc.o
                              0x7aeed (size before relaxing)
 .debug_str     0x0007d424      0x4a3 Drivers/STM32L0xx_HAL_Driver/Src/stm32l0xx_hal_rcc_ex.o
                              0x7ae62 (size before relaxing)
 .debug_str     0x0007d8c7      0x439 Drivers/STM32L0xx_HAL_Driver/Src/stm32l0xx_hal_rtc.o
                              0x7ad03 (size before relaxing)
 .debug_str     0x0007dd00      0x51a Drivers/STM32L0xx_HAL_Driver/Src/stm32l0xx_hal_rtc_ex.o
                              0x7b028 (size before relaxing)
 .debug_str     0x0007e21a      0x924 Drivers/STM32L0xx_HAL_Driver/Src/stm32l0xx_hal_uart.o
                              0x7b5e2 (size before relaxing)
 .debug_str     0x0007eb3e     0x5b05 Middlewares/Third_Party/FreeRTOS/Source/CMSIS_RTOS/cmsis_os.o
                               0xc154 (size before relaxing)
 .debug_str     0x00084643      0x234 Middlewares/Third_Party/FreeRTOS/Source/list.o
                               0x93fb (size before relaxing)
 .debug_str     0x00084877      0x6ba Middlewares/Third_Party/FreeRTOS/Source/queue.o
                               0xa9ef (size before relaxing)
 .debug_str     0x00084f31      0xeb2 Middlewares/Third_Party/FreeRTOS/Source/tasks.o
                               0xb3db (size before relaxing)
 .debug_str     0x00085de3      0x3e1 Middlewares/Third_Party/FreeRTOS/Source/portable/GCC/ARM_CM0/port.o
                               0x70a9 (size before relaxing)
 .debug_str     0x000861c4      0x243 Middlewares/Third_Party/FreeRTOS/Source/portable/MemMang/heap_4.o
                               0x9b1c (size before relaxing)
 .debug_str     0x00086407      0x742 Src/HTS221.o
                              0x804e8 (size before relaxing)
 .debug_str     0x00086b49      0x288 Src/data.o
                              0x80202 (size before relaxing)
 .debug_str     0x00086dd1      0x1eb Src/main.o
                              0x80d89 (size before relaxing)
 .debug_str     0x00086fbc       0x43 Src/sensor.o
                              0x8099e (size before relaxing)
 .debug_str     0x00086fff       0x1b Src/stm32l0xx_hal_msp.o
                              0x7b4f5 (size before relaxing)
 .debug_str     0x0008701a       0x59 Src/stm32l0xx_it.o
                              0x7f854 (size before relaxing)
 .debug_str     0x00087073       0x64 Src/system_stm32l0xx.o
                              0x7a90a (size before relaxing)
 .debug_str     0x000870d7       0x79 Src/transmit.o
                              0x801b3 (size before relaxing)

.comment        0x00000000       0x7f
 .comment       0x00000000       0x7f Drivers/STM32L0xx_HAL_Driver/Src/stm32l0xx_hal.o
                                 0x80 (size before relaxing)
 .comment       0x0000007f       0x80 Drivers/STM32L0xx_HAL_Driver/Src/stm32l0xx_hal_cortex.o
 .comment       0x0000007f       0x80 Drivers/STM32L0xx_HAL_Driver/Src/stm32l0xx_hal_flash.o
 .comment       0x0000007f       0x80 Drivers/STM32L0xx_HAL_Driver/Src/stm32l0xx_hal_flash_ex.o
 .comment       0x0000007f       0x80 Drivers/STM32L0xx_HAL_Driver/Src/stm32l0xx_hal_gpio.o
 .comment       0x0000007f       0x80 Drivers/STM32L0xx_HAL_Driver/Src/stm32l0xx_hal_i2c.o
 .comment       0x0000007f       0x80 Drivers/STM32L0xx_HAL_Driver/Src/stm32l0xx_hal_i2c_ex.o
 .comment       0x0000007f       0x80 Drivers/STM32L0xx_HAL_Driver/Src/stm32l0xx_hal_irda.o
 .comment       0x0000007f       0x80 Drivers/STM32L0xx_HAL_Driver/Src/stm32l0xx_hal_rcc.o
 .comment       0x0000007f       0x80 Drivers/STM32L0xx_HAL_Driver/Src/stm32l0xx_hal_rcc_ex.o
 .comment       0x0000007f       0x80 Drivers/STM32L0xx_HAL_Driver/Src/stm32l0xx_hal_rtc.o
 .comment       0x0000007f       0x80 Drivers/STM32L0xx_HAL_Driver/Src/stm32l0xx_hal_rtc_ex.o
 .comment       0x0000007f       0x80 Drivers/STM32L0xx_HAL_Driver/Src/stm32l0xx_hal_uart.o
 .comment       0x0000007f       0x80 Middlewares/Third_Party/FreeRTOS/Source/CMSIS_RTOS/cmsis_os.o
 .comment       0x0000007f       0x80 Middlewares/Third_Party/FreeRTOS/Source/list.o
 .comment       0x0000007f       0x80 Middlewares/Third_Party/FreeRTOS/Source/queue.o
 .comment       0x0000007f       0x80 Middlewares/Third_Party/FreeRTOS/Source/tasks.o
 .comment       0x0000007f       0x80 Middlewares/Third_Party/FreeRTOS/Source/portable/GCC/ARM_CM0/port.o
 .comment       0x0000007f       0x80 Middlewares/Third_Party/FreeRTOS/Source/portable/MemMang/heap_4.o
 .comment       0x0000007f       0x80 Src/HTS221.o
 .comment       0x0000007f       0x80 Src/data.o
 .comment       0x0000007f       0x80 Src/main.o
 .comment       0x0000007f       0x80 Src/sensor.o
 .comment       0x0000007f       0x80 Src/stm32l0xx_hal_msp.o
 .comment       0x0000007f       0x80 Src/stm32l0xx_it.o
 .comment       0x0000007f       0x80 Src/system_stm32l0xx.o
 .comment       0x0000007f       0x80 Src/transmit.o

.debug_frame    0x00000000     0x3744
 .debug_frame   0x00000000      0x1c4 Drivers/STM32L0xx_HAL_Driver/Src/stm32l0xx_hal.o
 .debug_frame   0x000001c4       0xf4 Drivers/STM32L0xx_HAL_Driver/Src/stm32l0xx_hal_cortex.o
 .debug_frame   0x000002b8      0x114 Drivers/STM32L0xx_HAL_Driver/Src/stm32l0xx_hal_flash.o
 .debug_frame   0x000003cc      0x228 Drivers/STM32L0xx_HAL_Driver/Src/stm32l0xx_hal_flash_ex.o
 .debug_frame   0x000005f4       0xc8 Drivers/STM32L0xx_HAL_Driver/Src/stm32l0xx_hal_gpio.o
 .debug_frame   0x000006bc      0x788 Drivers/STM32L0xx_HAL_Driver/Src/stm32l0xx_hal_i2c.o
 .debug_frame   0x00000e44       0xa8 Drivers/STM32L0xx_HAL_Driver/Src/stm32l0xx_hal_i2c_ex.o
 .debug_frame   0x00000eec      0x444 Drivers/STM32L0xx_HAL_Driver/Src/stm32l0xx_hal_irda.o
 .debug_frame   0x00001330      0x158 Drivers/STM32L0xx_HAL_Driver/Src/stm32l0xx_hal_rcc.o
 .debug_frame   0x00001488      0x170 Drivers/STM32L0xx_HAL_Driver/Src/stm32l0xx_hal_rcc_ex.o
 .debug_frame   0x000015f8      0x208 Drivers/STM32L0xx_HAL_Driver/Src/stm32l0xx_hal_rtc.o
 .debug_frame   0x00001800      0x360 Drivers/STM32L0xx_HAL_Driver/Src/stm32l0xx_hal_rtc_ex.o
 .debug_frame   0x00001b60      0x540 Drivers/STM32L0xx_HAL_Driver/Src/stm32l0xx_hal_uart.o
 .debug_frame   0x000020a0      0x538 Middlewares/Third_Party/FreeRTOS/Source/CMSIS_RTOS/cmsis_os.o
 .debug_frame   0x000025d8       0x6c Middlewares/Third_Party/FreeRTOS/Source/list.o
 .debug_frame   0x00002644      0x28c Middlewares/Third_Party/FreeRTOS/Source/queue.o
 .debug_frame   0x000028d0      0x490 Middlewares/Third_Party/FreeRTOS/Source/tasks.o
 .debug_frame   0x00002d60      0x110 Middlewares/Third_Party/FreeRTOS/Source/portable/GCC/ARM_CM0/port.o
 .debug_frame   0x00002e70       0xa8 Middlewares/Third_Party/FreeRTOS/Source/portable/MemMang/heap_4.o
 .debug_frame   0x00002f18      0x124 Src/HTS221.o
 .debug_frame   0x0000303c      0x110 Src/data.o
 .debug_frame   0x0000314c      0x104 Src/main.o
 .debug_frame   0x00003250       0x60 Src/sensor.o
 .debug_frame   0x000032b0       0xd8 Src/stm32l0xx_hal_msp.o
 .debug_frame   0x00003388       0x28 Src/stm32l0xx_it.o
 .debug_frame   0x000033b0       0x38 Src/system_stm32l0xx.o
 .debug_frame   0x000033e8       0x74 Src/transmit.o
 .debug_frame   0x0000345c       0x20 c:/ac6/systemworkbench/plugins/fr.ac6.mcu.externaltools.arm-none.win32_1.15.0.201708311556/tools/compiler/bin/../lib/gcc/arm-none-eabi/6.3.1/thumb/v6-m\libgcc.a(_udivsi3.o)
 .debug_frame   0x0000347c       0x3c c:/ac6/systemworkbench/plugins/fr.ac6.mcu.externaltools.arm-none.win32_1.15.0.201708311556/tools/compiler/bin/../lib/gcc/arm-none-eabi/6.3.1/thumb/v6-m\libgcc.a(_udivmoddi4.o)
 .debug_frame   0x000034b8       0x20 c:/ac6/systemworkbench/plugins/fr.ac6.mcu.externaltools.arm-none.win32_1.15.0.201708311556/tools/compiler/bin/../lib/gcc/arm-none-eabi/6.3.1/thumb/v6-m\libgcc.a(fixsfsi.o)
 .debug_frame   0x000034d8       0x3c c:/ac6/systemworkbench/plugins/fr.ac6.mcu.externaltools.arm-none.win32_1.15.0.201708311556/tools/compiler/bin/../lib/gcc/arm-none-eabi/6.3.1/thumb/v6-m\libgcc.a(adddf3.o)
 .debug_frame   0x00003514       0x3c c:/ac6/systemworkbench/plugins/fr.ac6.mcu.externaltools.arm-none.win32_1.15.0.201708311556/tools/compiler/bin/../lib/gcc/arm-none-eabi/6.3.1/thumb/v6-m\libgcc.a(divdf3.o)
 .debug_frame   0x00003550       0x3c c:/ac6/systemworkbench/plugins/fr.ac6.mcu.externaltools.arm-none.win32_1.15.0.201708311556/tools/compiler/bin/../lib/gcc/arm-none-eabi/6.3.1/thumb/v6-m\libgcc.a(muldf3.o)
 .debug_frame   0x0000358c       0x38 c:/ac6/systemworkbench/plugins/fr.ac6.mcu.externaltools.arm-none.win32_1.15.0.201708311556/tools/compiler/bin/../lib/gcc/arm-none-eabi/6.3.1/thumb/v6-m\libgcc.a(subdf3.o)
 .debug_frame   0x000035c4       0x2c c:/ac6/systemworkbench/plugins/fr.ac6.mcu.externaltools.arm-none.win32_1.15.0.201708311556/tools/compiler/bin/../lib/gcc/arm-none-eabi/6.3.1/thumb/v6-m\libgcc.a(floatsidf.o)
 .debug_frame   0x000035f0       0x30 c:/ac6/systemworkbench/plugins/fr.ac6.mcu.externaltools.arm-none.win32_1.15.0.201708311556/tools/compiler/bin/../lib/gcc/arm-none-eabi/6.3.1/thumb/v6-m\libgcc.a(truncdfsf2.o)
 .debug_frame   0x00003620       0x2c c:/ac6/systemworkbench/plugins/fr.ac6.mcu.externaltools.arm-none.win32_1.15.0.201708311556/tools/compiler/bin/../lib/gcc/arm-none-eabi/6.3.1/../../../../arm-none-eabi/lib/thumb/v6-m\libc_nano.a(lib_a-init.o)
 .debug_frame   0x0000364c       0x40 c:/ac6/systemworkbench/plugins/fr.ac6.mcu.externaltools.arm-none.win32_1.15.0.201708311556/tools/compiler/bin/../lib/gcc/arm-none-eabi/6.3.1/../../../../arm-none-eabi/lib/thumb/v6-m\libc_nano.a(lib_a-itoa.o)
 .debug_frame   0x0000368c       0x28 c:/ac6/systemworkbench/plugins/fr.ac6.mcu.externaltools.arm-none.win32_1.15.0.201708311556/tools/compiler/bin/../lib/gcc/arm-none-eabi/6.3.1/../../../../arm-none-eabi/lib/thumb/v6-m\libc_nano.a(lib_a-memcpy-stub.o)